Archive member included to satisfy reference by file (symbol)

out/libVQ.a(add.o)            (--whole-archive)
out/libVQ.a(cmvn.o)           (--whole-archive)
out/libVQ.a(conv.o)           (--whole-archive)
out/libVQ.a(fea.o)            (--whole-archive)
out/libVQ.a(gemm.o)           (--whole-archive)
out/libVQ.a(gemm_impl.o)      (--whole-archive)
out/libVQ.a(kws.o)            (--whole-archive)
out/libVQ.a(kws_impl.o)       (--whole-archive)
out/libVQ.a(math_add.neon.o)  (--whole-archive)
out/libVQ.a(model.o)          (--whole-archive)
out/libVQ.a(network.o)        (--whole-archive)
out/libVQ.a(prelu.o)          (--whole-archive)
out/libVQ.a(profile.o)        (--whole-archive)
out/libVQ.a(tensor.o)         (--whole-archive)
out/libVQ.a(tools.o)          (--whole-archive)
out/libVQ.a(fft4g.o)          (--whole-archive)
out/libVQ.a(noise_suppression.o)
                              (--whole-archive)
out/libVQ.a(ns_core.o)        (--whole-archive)
out/libVQ.a(nsapi.o)          (--whole-archive)
out/libVQ.a(version.o)        (--whole-archive)
out/libVQ.a(complex_bit_reverse.o)
                              (--whole-archive)
out/libVQ.a(complex_fft.o)    (--whole-archive)
out/libVQ.a(copy_set_operations.o)
                              (--whole-archive)
out/libVQ.a(cross_correlation.o)
                              (--whole-archive)
out/libVQ.a(division_operations.o)
                              (--whole-archive)
out/libVQ.a(downsample_fast.o)
                              (--whole-archive)
out/libVQ.a(energy.o)         (--whole-archive)
out/libVQ.a(min_max_operations.o)
                              (--whole-archive)
out/libVQ.a(noise_suppression_x.o)
                              (--whole-archive)
out/libVQ.a(nsx_core.o)       (--whole-archive)
out/libVQ.a(nsx_core_c.o)     (--whole-archive)
out/libVQ.a(real_fft.o)       (--whole-archive)
out/libVQ.a(spl_init.o)       (--whole-archive)
out/libVQ.a(spl_sqrt.o)       (--whole-archive)
out/libVQ.a(spl_sqrt_floor.o)
                              (--whole-archive)
out/libVQ.a(splitting_filter.o)
                              (--whole-archive)
out/libVQ.a(get_scaling_square.o)
                              (--whole-archive)
out/libVQ.a(nsx_core_neon_offsets.o)
                              (--whole-archive)
out/libVQ.a(vector_scaling_operations.o)
                              (--whole-archive)
../../CMSIS/libarm_cortexM4lf_math.a(arm_mult_f32.o)
                              out/libVQ.a(cmvn.o) (arm_mult_f32)
../../CMSIS/libarm_cortexM4lf_math.a(arm_add_f32.o)
                              out/libVQ.a(add.o) (arm_add_f32)
/home/gu/code/freeRTOS10/vendor/mstar/CM4/tools/gcc-arm-none-eabi-8-2018-q4-major/bin/../lib/gcc/arm-none-eabi/8.2.1/../../../../arm-none-eabi/lib/thumb/v7e-m/nofp/libm.a(lib_a-s_cos.o)
                              out/libVQ.a(fft4g.o) (cos)
/home/gu/code/freeRTOS10/vendor/mstar/CM4/tools/gcc-arm-none-eabi-8-2018-q4-major/bin/../lib/gcc/arm-none-eabi/8.2.1/../../../../arm-none-eabi/lib/thumb/v7e-m/nofp/libm.a(lib_a-s_sin.o)
                              out/libVQ.a(fft4g.o) (sin)
/home/gu/code/freeRTOS10/vendor/mstar/CM4/tools/gcc-arm-none-eabi-8-2018-q4-major/bin/../lib/gcc/arm-none-eabi/8.2.1/../../../../arm-none-eabi/lib/thumb/v7e-m/nofp/libm.a(lib_a-s_tanh.o)
                              out/libVQ.a(ns_core.o) (tanh)
/home/gu/code/freeRTOS10/vendor/mstar/CM4/tools/gcc-arm-none-eabi-8-2018-q4-major/bin/../lib/gcc/arm-none-eabi/8.2.1/../../../../arm-none-eabi/lib/thumb/v7e-m/nofp/libm.a(lib_a-sf_cos.o)
                              out/libVQ.a(fea.o) (cosf)
/home/gu/code/freeRTOS10/vendor/mstar/CM4/tools/gcc-arm-none-eabi-8-2018-q4-major/bin/../lib/gcc/arm-none-eabi/8.2.1/../../../../arm-none-eabi/lib/thumb/v7e-m/nofp/libm.a(lib_a-w_exp.o)
                              out/libVQ.a(kws_impl.o) (exp)
/home/gu/code/freeRTOS10/vendor/mstar/CM4/tools/gcc-arm-none-eabi-8-2018-q4-major/bin/../lib/gcc/arm-none-eabi/8.2.1/../../../../arm-none-eabi/lib/thumb/v7e-m/nofp/libm.a(lib_a-w_log.o)
                              out/libVQ.a(ns_core.o) (log)
/home/gu/code/freeRTOS10/vendor/mstar/CM4/tools/gcc-arm-none-eabi-8-2018-q4-major/bin/../lib/gcc/arm-none-eabi/8.2.1/../../../../arm-none-eabi/lib/thumb/v7e-m/nofp/libm.a(lib_a-w_pow.o)
                              out/libVQ.a(ns_core.o) (pow)
/home/gu/code/freeRTOS10/vendor/mstar/CM4/tools/gcc-arm-none-eabi-8-2018-q4-major/bin/../lib/gcc/arm-none-eabi/8.2.1/../../../../arm-none-eabi/lib/thumb/v7e-m/nofp/libm.a(lib_a-w_sqrt.o)
                              out/libVQ.a(ns_core.o) (sqrt)
/home/gu/code/freeRTOS10/vendor/mstar/CM4/tools/gcc-arm-none-eabi-8-2018-q4-major/bin/../lib/gcc/arm-none-eabi/8.2.1/../../../../arm-none-eabi/lib/thumb/v7e-m/nofp/libm.a(lib_a-wf_log.o)
                              out/libVQ.a(fea.o) (logf)
[...]
Memory Configuration

Name             Origin             Length             Attributes
RAM              0x0000000000000000 0x0000000000080000 rw
*default*        0x0000000000000000 0xffffffffffffffff

Linker script and memory map

LOAD out/libVQ.a
LOAD out/startup_ARMCM4.o
LOAD out/event_groups.o
LOAD out/list.o
LOAD out/queue.o
LOAD out/tasks.o
LOAD out/timers.o
LOAD out/heap_4.o
LOAD out/port.o
LOAD out/stream_buffer.o
LOAD out/_sbrk.o
LOAD out/FreeRTOS_CLI.o
LOAD out/UARTCommandConsole.o
LOAD out/Sample-CLI-commands.o
LOAD out/drvUART.o
LOAD out/drvSerial.o
LOAD out/drvAudio.o
LOAD out/drvBDMA.o
LOAD out/drvMBX.o
LOAD out/drvINTC.o
LOAD out/drvPM.o
LOAD out/drvCPU.o
LOAD out/halAudio.o
LOAD out/halUART.o
LOAD out/halMBX.o
LOAD out/halTimer.o
LOAD out/halINTC.o
LOAD out/halCPUINT.o
LOAD out/halBDMA.o
LOAD out/halPM.o
LOAD out/halCPU.o
LOAD out/halRTC.o
LOAD out/apiSRC.o
LOAD out/apiVOC.o
LOAD out/apiVQ.o
LOAD out/apiVP.o
LOAD out/apiVAD.o
LOAD out/mosWrapper.o
LOAD out/voc_task.o
LOAD out/mbx_task.o
LOAD out/main.o
LOAD ../../CMSIS/libarm_cortexM4lf_math.a
LOAD /home/gu/code/freeRTOS10/vendor/mstar/CM4/tools/gcc-arm-none-eabi-8-2018-q4-major/bin/../lib/gcc/arm-none-eabi/8.2.1/../../../../arm-none-eabi/lib/thumb/v7e-m/nofp/libstdc++_nano.a
LOAD /home/gu/code/freeRTOS10/vendor/mstar/CM4/tools/gcc-arm-none-eabi-8-2018-q4-major/bin/../lib/gcc/arm-none-eabi/8.2.1/../../../../arm-none-eabi/lib/thumb/v7e-m/nofp/libm.a
START GROUP
LOAD /home/gu/code/freeRTOS10/vendor/mstar/CM4/tools/gcc-arm-none-eabi-8-2018-q4-major/bin/../lib/gcc/arm-none-eabi/8.2.1/thumb/v7e-m/nofp/libgcc.a
LOAD /home/gu/code/freeRTOS10/vendor/mstar/CM4/tools/gcc-arm-none-eabi-8-2018-q4-major/bin/../lib/gcc/arm-none-eabi/8.2.1/../../../../arm-none-eabi/lib/thumb/v7e-m/nofp/libg_nano.a
LOAD /home/gu/code/freeRTOS10/vendor/mstar/CM4/tools/gcc-arm-none-eabi-8-2018-q4-major/bin/../lib/gcc/arm-none-eabi/8.2.1/../../../../arm-none-eabi/lib/thumb/v7e-m/nofp/libc_nano.a
END GROUP
START GROUP
LOAD /home/gu/code/freeRTOS10/vendor/mstar/CM4/tools/gcc-arm-none-eabi-8-2018-q4-major/bin/../lib/gcc/arm-none-eabi/8.2.1/thumb/v7e-m/nofp/libgcc.a
LOAD /home/gu/code/freeRTOS10/vendor/mstar/CM4/tools/gcc-arm-none-eabi-8-2018-q4-major/bin/../lib/gcc/arm-none-eabi/8.2.1/../../../../arm-none-eabi/lib/thumb/v7e-m/nofp/libc_nano.a
LOAD /home/gu/code/freeRTOS10/vendor/mstar/CM4/tools/gcc-arm-none-eabi-8-2018-q4-major/bin/../lib/gcc/arm-none-eabi/8.2.1/../../../../arm-none-eabi/lib/thumb/v7e-m/nofp/libnosys.a
END GROUP
START GROUP
LOAD /home/gu/code/freeRTOS10/vendor/mstar/CM4/tools/gcc-arm-none-eabi-8-2018-q4-major/bin/../lib/gcc/arm-none-eabi/8.2.1/thumb/v7e-m/nofp/libgcc.a
LOAD /home/gu/code/freeRTOS10/vendor/mstar/CM4/tools/gcc-arm-none-eabi-8-2018-q4-major/bin/../lib/gcc/arm-none-eabi/8.2.1/../../../../arm-none-eabi/lib/thumb/v7e-m/nofp/libc_nano.a
LOAD /home/gu/code/freeRTOS10/vendor/mstar/CM4/tools/gcc-arm-none-eabi-8-2018-q4-major/bin/../lib/gcc/arm-none-eabi/8.2.1/../../../../arm-none-eabi/lib/thumb/v7e-m/nofp/libnosys.a
END GROUP
                0x000000000003ad00                __SRAM_segment_end__ = _end_main_stack
                0x000000000003ad00                __stack = _end_main_stack
                0x000000000003ad00                _estack = __stack
                0x0000000000000800                __Main_Stack_Size = 0x800
                [!provide]                        PROVIDE (_Main_Stack_Size = __Main_Stack_Size)
                0x000000000003a500                __Main_Stack_Limit = (__stack - __Main_Stack_Size)
                [!provide]                        PROVIDE (_Main_Stack_Limit = __Main_Stack_Limit)
                0x0000000000000400                _Minimum_Stack_Size = 0x400
                0x0000000000000400                _Minimum_Heap_Size = 0x400

.isr_vector     0x0000000000000000      0x24c
                0x0000000000000000                . = ALIGN (0x4)
                0x0000000000000000                _isr_vector = .
 *(.isr_vector)
 .isr_vector    0x0000000000000000      0x24c out/startup_ARMCM4.o
                0x0000000000000000                __Vectors
                0x0000000000000000                __isr_vector
                0x000000000000024c                . = ALIGN (0x4)

.text           0x0000000000000250     0xb37c
                0x0000000000000250                . = ALIGN (0x4)
 *(.after_vectors .after_vectors.*)
                0x0000000000000250                . = ALIGN (0x4)
 *(.init)
 *(.fini)
                0x0000000000000250                . = ALIGN (0x4)
                [!provide]                        PROVIDE (__preinit_array_start = .)
 *(.preinit_array_sysinit .preinit_array_sysinit.*)
 *(.preinit_array_platform .preinit_array_platform.*)
 *(.preinit_array .preinit_array.*)
                [!provide]                        PROVIDE (__preinit_array_end = .)
                0x0000000000000250                . = ALIGN (0x4)
                [!provide]                        PROVIDE (__init_array_start = .)
 *(SORT_BY_NAME(.init_array.*))
 *(.init_array)
                [!provide]                        PROVIDE (__init_array_end = .)
                0x0000000000000250                . = ALIGN (0x4)
                [!provide]                        PROVIDE (__fini_array_start = .)
 *(SORT_BY_NAME(.fini_array.*))
 *(.fini_array)
                [!provide]                        PROVIDE (__fini_array_end = .)
                0x0000000000000250                . = ALIGN (0x4)
                0x0000000000000250                . = ALIGN (0x4)
 *(EXCLUDE_FILE(*libVQ.a:*.o *libVP.a:*.o *libarm_cortexM4lf_math.a:*.o) .text*)
 .text          0x0000000000000250       0x2c out/startup_ARMCM4.o
                0x0000000000000250                Reset_Handler
                0x0000000000000250                _start
                0x0000000000000278                NVIC_Handler_087
                0x0000000000000278                NVIC_Handler_009
                0x0000000000000278                DebugMon_Handler
                0x0000000000000278                NVIC_Handler_005
                0x0000000000000278                NVIC_Handler_040
                0x0000000000000278                NVIC_Handler_044
                0x0000000000000278                NVIC_Handler_114
                0x0000000000000278                NVIC_Handler_111
                0x0000000000000278                NVIC_Handler_054
                0x0000000000000278                NVIC_Handler_099
                0x0000000000000278                NVIC_Handler_017
                0x0000000000000278                HardFault_Handler
                0x0000000000000278                NVIC_Handler_038
                0x0000000000000278                NVIC_Handler_029
                0x0000000000000278                NVIC_Handler_079
                0x0000000000000278                NVIC_Handler_030
                0x0000000000000278                NVIC_Handler_057
                0x0000000000000278                NVIC_Handler_092
                0x0000000000000278                NVIC_Handler_010
                0x0000000000000278                NMI_Handler
                0x0000000000000278                NVIC_Handler_080
                0x0000000000000278                NVIC_Handler_104
                0x0000000000000278                NVIC_Handler_108
                0x0000000000000278                NVIC_Handler_101
                0x0000000000000278                NVIC_Handler_023
                0x0000000000000278                NVIC_Handler_066
                0x0000000000000278                NVIC_Handler_026
                0x0000000000000278                NVIC_Handler_072
                0x0000000000000278                NVIC_Handler_069
                0x0000000000000278                NVIC_Handler_117
                0x0000000000000278                NVIC_Handler_095
                0x0000000000000278                NVIC_Handler_050
                0x0000000000000278                NVIC_Handler_013
                0x0000000000000278                UsageFault_Handler
                0x0000000000000278                NVIC_Handler_098
                0x0000000000000278                NVIC_Handler_053
                0x0000000000000278                NVIC_Handler_033
                0x0000000000000278                NVIC_Handler_016
                0x0000000000000278                NVIC_Handler_074
                0x0000000000000278                NVIC_Handler_124
                0x0000000000000278                NVIC_Handler_127
                0x0000000000000278                NVIC_Handler_088
                0x0000000000000278                NVIC_Handler_082
                0x0000000000000278                NVIC_Handler_006
                0x0000000000000278                NVIC_Handler_041
                0x0000000000000278                NVIC_Handler_045
                0x0000000000000278                NVIC_Handler_085
                0x0000000000000278                NVIC_Handler_003
                0x0000000000000278                NVIC_Handler_048
                0x0000000000000278                NVIC_Handler_061
                0x0000000000000278                NVIC_Handler_090
                0x0000000000000278                NVIC_Handler_112
                0x0000000000000278                NVIC_Handler_093
                0x0000000000000278                NVIC_Handler_011
                0x0000000000000278                NVIC_Handler_036
                0x0000000000000278                NVIC_Handler_077
                0x0000000000000278                NVIC_Handler_055
                0x0000000000000278                NVIC_Handler_018
                0x0000000000000278                NVIC_Handler_039
                0x0000000000000278                NVIC_Handler_105
                0x0000000000000278                NVIC_Handler_109
                0x0000000000000278                NVIC_Handler_102
                0x0000000000000278                NVIC_Handler_031
                0x0000000000000278                NVIC_Handler_027
                0x0000000000000278                NVIC_Handler_021
                0x0000000000000278                NVIC_Handler_064
                0x0000000000000278                Default_Handler
                0x0000000000000278                NVIC_Handler_024
                0x0000000000000278                NVIC_Handler_071
                0x0000000000000278                NVIC_Handler_067
                0x0000000000000278                NVIC_Handler_115
                0x0000000000000278                NVIC_Handler_118
                0x0000000000000278                NVIC_Handler_034
                0x0000000000000278                NVIC_Handler_058
                0x0000000000000278                NVIC_Handler_075
                0x0000000000000278                NVIC_Handler_110
                0x0000000000000278                NVIC_Handler_096
                0x0000000000000278                NVIC_Handler_051
                0x0000000000000278                NVIC_Handler_014
                0x0000000000000278                NVIC_Handler_063
                0x0000000000000278                NVIC_Handler_125
                0x0000000000000278                NVIC_Handler_128
                0x0000000000000278                NVIC_Handler_122
                0x0000000000000278                MemManage_Handler
                0x0000000000000278                NVIC_Handler_119
                0x0000000000000278                NVIC_Handler_086
                0x0000000000000278                NVIC_Handler_WDT
                0x0000000000000278                NVIC_Handler_004
                0x0000000000000278                NVIC_Handler_049
                0x0000000000000278                NVIC_Handler_008
                0x0000000000000278                NVIC_Handler_043
                0x0000000000000278                NVIC_Handler_120
                0x0000000000000278                NVIC_Handler_089
                0x0000000000000278                NVIC_Handler_083
                0x0000000000000278                NVIC_Handler_007
                0x0000000000000278                NVIC_Handler_001
                0x0000000000000278                NVIC_Handler_046
                0x0000000000000278                NVIC_Handler_042
                0x0000000000000278                NVIC_Handler_113
                0x0000000000000278                NVIC_Handler_060
                0x0000000000000278                NVIC_Handler_056
                0x0000000000000278                NVIC_Handler_130
                0x0000000000000278                NVIC_Handler_019
                0x0000000000000278                NVIC_Handler_091
                0x0000000000000278                NVIC_Handler_094
                0x0000000000000278                NVIC_Handler_012
                0x0000000000000278                NVIC_Handler_037
                0x0000000000000278                DEF_IRQHandler
                0x0000000000000278                NVIC_Handler_081
                0x0000000000000278                NVIC_Handler_078
                0x0000000000000278                NVIC_Handler_106
                0x0000000000000278                NVIC_Handler_107
                0x0000000000000278                NVIC_Handler_103
                0x0000000000000278                NVIC_Handler_100
                0x0000000000000278                NVIC_Handler_025
                0x0000000000000278                NVIC_Handler_068
                0x0000000000000278                NVIC_Handler_028
                0x0000000000000278                NVIC_Handler_022
                0x0000000000000278                NVIC_Handler_065
                0x0000000000000278                NVIC_Handler_116
                0x0000000000000278                NVIC_Handler_020
                0x0000000000000278                NVIC_Handler_097
                0x0000000000000278                NVIC_Handler_052
                0x0000000000000278                NVIC_Handler_032
                0x0000000000000278                NVIC_Handler_015
                0x0000000000000278                BusFault_Handler
                0x0000000000000278                NVIC_Handler_073
                0x0000000000000278                NVIC_Handler_035
                0x0000000000000278                NVIC_Handler_059
                0x0000000000000278                NVIC_Handler_076
                0x0000000000000278                NVIC_Handler_062
                0x0000000000000278                NVIC_Handler_070
                0x0000000000000278                NVIC_Handler_129
                0x0000000000000278                NVIC_Handler_123
                0x0000000000000278                NVIC_Handler_126
                0x0000000000000278                NVIC_Handler_084
                0x0000000000000278                NVIC_Handler_002
                0x0000000000000278                NVIC_Handler_047
                0x0000000000000278                NVIC_Handler_121
 .text.xEventGroupCreate
                0x000000000000027c       0x1c out/event_groups.o
                0x000000000000027c                xEventGroupCreate
 .text.xEventGroupWaitBits
                0x0000000000000298      0x118 out/event_groups.o
                0x0000000000000298                xEventGroupWaitBits
 .text.xEventGroupClearBits
                0x00000000000003b0       0x48 out/event_groups.o
                0x00000000000003b0                xEventGroupClearBits
 .text.xEventGroupSetBits
                0x00000000000003f8       0x90 out/event_groups.o
                0x00000000000003f8                xEventGroupSetBits
 .text.vListInitialise
                0x0000000000000488       0x18 out/list.o
                0x0000000000000488                vListInitialise
 .text.vListInitialiseItem
                0x00000000000004a0        0x8 out/list.o
                0x00000000000004a0                vListInitialiseItem
 .text.vListInsertEnd
                0x00000000000004a8       0x20 out/list.o
                0x00000000000004a8                vListInsertEnd
 .text.vListInsert
                0x00000000000004c8       0x34 out/list.o
                0x00000000000004c8                vListInsert
 .text.uxListRemove
                0x00000000000004fc       0x28 out/list.o
                0x00000000000004fc                uxListRemove
 .text.prvCopyDataToQueue
                0x0000000000000524       0x78 out/queue.o
 .text.prvNotifyQueueSetContainer
                0x000000000000059c       0x7c out/queue.o
 .text.prvUnlockQueue
                0x0000000000000618      0x124 out/queue.o
 .text.xQueueGenericCreateStatic
                0x000000000000073c       0xe4 out/queue.o
                0x000000000000073c                xQueueGenericCreateStatic
 .text.xQueueGenericCreate
                0x0000000000000820       0x9c out/queue.o
                0x0000000000000820                xQueueGenericCreate
 .text.xQueueGenericSend
                0x00000000000008bc      0x190 out/queue.o
                0x00000000000008bc                xQueueGenericSend
 .text.xQueueCreateMutex
                0x0000000000000a4c       0x74 out/queue.o
                0x0000000000000a4c                xQueueCreateMutex
 .text.xQueueGenericSendFromISR
                0x0000000000000ac0       0xe0 out/queue.o
                0x0000000000000ac0                xQueueGenericSendFromISR
 .text.xQueueGiveFromISR
                0x0000000000000ba0       0xc0 out/queue.o
                0x0000000000000ba0                xQueueGiveFromISR
 .text.xQueueReceive
                0x0000000000000c60      0x184 out/queue.o
                0x0000000000000c60                xQueueReceive
 .text.xQueueSemaphoreTake
                0x0000000000000de4      0x1b4 out/queue.o
                0x0000000000000de4                xQueueSemaphoreTake
 .text.uxQueueMessagesWaiting
                0x0000000000000f98       0x28 out/queue.o
                0x0000000000000f98                uxQueueMessagesWaiting
 .text.xQueueIsQueueFullFromISR
                0x0000000000000fc0       0x24 out/queue.o
                0x0000000000000fc0                xQueueIsQueueFullFromISR
 .text.vQueueWaitForMessageRestricted
                0x0000000000000fe4       0x50 out/queue.o
                0x0000000000000fe4                vQueueWaitForMessageRestricted
 .text.prvAddNewTaskToReadyList
                0x0000000000001034      0x120 out/tasks.o
 .text.xTaskCreateStatic
                0x0000000000001154      0x104 out/tasks.o
                0x0000000000001154                xTaskCreateStatic
 .text.xTaskCreate
                0x0000000000001258       0xf4 out/tasks.o
                0x0000000000001258                xTaskCreate
 .text.vTaskStartScheduler
                0x000000000000134c      0x118 out/tasks.o
                0x000000000000134c                vTaskStartScheduler
 .text.vTaskSuspendAll
                0x0000000000001464       0x10 out/tasks.o
                0x0000000000001464                vTaskSuspendAll
 .text.xTaskGetTickCount
                0x0000000000001474        0xc out/tasks.o
                0x0000000000001474                xTaskGetTickCount
 .text.vTaskStepTick
                0x0000000000001480       0x30 out/tasks.o
                0x0000000000001480                vTaskStepTick
 .text.xTaskIncrementTick
                0x00000000000014b0      0x14c out/tasks.o
                0x00000000000014b0                xTaskIncrementTick
 .text.xTaskResumeAll.part.8
                0x00000000000015fc      0x120 out/tasks.o
 .text.xTaskResumeAll
                0x000000000000171c       0x20 out/tasks.o
                0x000000000000171c                xTaskResumeAll
 .text.prvIdleTask
                0x000000000000173c      0x150 out/tasks.o
 .text.vTaskSwitchContext
                0x000000000000188c       0xe8 out/tasks.o
                0x000000000000188c                vTaskSwitchContext
 .text.vTaskPlaceOnEventList
                0x0000000000001974       0x88 out/tasks.o
                0x0000000000001974                vTaskPlaceOnEventList
 .text.vTaskPlaceOnUnorderedEventList
                0x00000000000019fc       0xb0 out/tasks.o
                0x00000000000019fc                vTaskPlaceOnUnorderedEventList
 .text.vTaskPlaceOnEventListRestricted
                0x0000000000001aac       0x94 out/tasks.o
                0x0000000000001aac                vTaskPlaceOnEventListRestricted
 .text.xTaskRemoveFromEventList
                0x0000000000001b40       0xb0 out/tasks.o
                0x0000000000001b40                xTaskRemoveFromEventList
 .text.vTaskRemoveFromUnorderedEventList
                0x0000000000001bf0       0x88 out/tasks.o
                0x0000000000001bf0                vTaskRemoveFromUnorderedEventList
 .text.vTaskSetTimeOutState
                0x0000000000001c78       0x38 out/tasks.o
                0x0000000000001c78                vTaskSetTimeOutState
 .text.vTaskInternalSetTimeOutState
                0x0000000000001cb0       0x18 out/tasks.o
                0x0000000000001cb0                vTaskInternalSetTimeOutState
 .text.xTaskCheckForTimeOut
                0x0000000000001cc8       0x90 out/tasks.o
                0x0000000000001cc8                xTaskCheckForTimeOut
 .text.vTaskMissedYield
                0x0000000000001d58        0xc out/tasks.o
                0x0000000000001d58                vTaskMissedYield
 .text.eTaskConfirmSleepModeStatus
                0x0000000000001d64       0x38 out/tasks.o
                0x0000000000001d64                eTaskConfirmSleepModeStatus
 .text.xTaskGetCurrentTaskHandle
                0x0000000000001d9c        0xc out/tasks.o
                0x0000000000001d9c                xTaskGetCurrentTaskHandle
 .text.xTaskGetSchedulerState
                0x0000000000001da8       0x20 out/tasks.o
                0x0000000000001da8                xTaskGetSchedulerState
 .text.xTaskPriorityInherit
                0x0000000000001dc8       0x84 out/tasks.o
                0x0000000000001dc8                xTaskPriorityInherit
 .text.xTaskPriorityDisinherit
                0x0000000000001e4c       0x88 out/tasks.o
                0x0000000000001e4c                xTaskPriorityDisinherit
 .text.vTaskPriorityDisinheritAfterTimeout
                0x0000000000001ed4       0xa0 out/tasks.o
                0x0000000000001ed4                vTaskPriorityDisinheritAfterTimeout
 .text.uxTaskResetEventItemValue
                0x0000000000001f74       0x18 out/tasks.o
                0x0000000000001f74                uxTaskResetEventItemValue
 .text.pvTaskIncrementMutexHeldCount
                0x0000000000001f8c       0x18 out/tasks.o
                0x0000000000001f8c                pvTaskIncrementMutexHeldCount
 .text.xTaskNotifyWait
                0x0000000000001fa4       0xe8 out/tasks.o
                0x0000000000001fa4                xTaskNotifyWait
 .text.xTaskGenericNotify
                0x000000000000208c       0xf8 out/tasks.o
                0x000000000000208c                xTaskGenericNotify
 .text.xTaskNotifyStateClear
                0x0000000000002184       0x30 out/tasks.o
                0x0000000000002184                xTaskNotifyStateClear
 .text.prvSwitchTimerLists
                0x00000000000021b4       0x98 out/timers.o
 .text.prvTimerTask
                0x000000000000224c      0x25c out/timers.o
 .text.xTimerCreateTimerTask
                0x00000000000024a8       0xb0 out/timers.o
                0x00000000000024a8                xTimerCreateTimerTask
 .text.pvPortMalloc
                0x0000000000002558      0x160 out/heap_4.o
                0x0000000000002558                pvPortMalloc
 .text.vPortFree
                0x00000000000026b8       0xb0 out/heap_4.o
                0x00000000000026b8                vPortFree
 .text.prvPortStartFirstTask
                0x0000000000002768       0x28 out/port.o
 .text.vPortEnableVFP
                0x0000000000002790       0x14 out/port.o
 .text.prvTaskExitError
                0x00000000000027a4       0x40 out/port.o
 .text.pxPortInitialiseStack
                0x00000000000027e4       0x2c out/port.o
                0x00000000000027e4                pxPortInitialiseStack
 .text.SVC_Handler
                0x0000000000002810       0x24 out/port.o
                0x0000000000002810                SVC_Handler
 .text.vPortEnterCritical
                0x0000000000002834       0x44 out/port.o
                0x0000000000002834                vPortEnterCritical
 .text.vPortExitCritical
                0x0000000000002878       0x28 out/port.o
                0x0000000000002878                vPortExitCritical
 .text.PendSV_Handler
                0x00000000000028a0       0x64 out/port.o
                0x00000000000028a0                PendSV_Handler
 .text.SysTick_Handler
                0x0000000000002904       0x2c out/port.o
                0x0000000000002904                SysTick_Handler
 .text.vPortSuppressTicksAndSleep
                0x0000000000002930      0x11c out/port.o
                0x0000000000002930                vPortSuppressTicksAndSleep
 .text.vPortSetupTimerInterrupt
                0x0000000000002a4c       0x48 out/port.o
                0x0000000000002a4c                vPortSetupTimerInterrupt
 .text.xPortStartScheduler
                0x0000000000002a94      0x13c out/port.o
                0x0000000000002a94                xPortStartScheduler
 .text.vPortValidateInterruptPriority
                0x0000000000002bd0       0x5c out/port.o
                0x0000000000002bd0                vPortValidateInterruptPriority
 .text.prvReadBytesFromBuffer
                0x0000000000002c2c       0x9c out/stream_buffer.o
 .text.prvWriteBytesToBuffer.part.1
                0x0000000000002cc8       0x78 out/stream_buffer.o
 .text.xStreamBufferGenericCreateStatic
                0x0000000000002d40       0xd4 out/stream_buffer.o
                0x0000000000002d40                xStreamBufferGenericCreateStatic
 .text.xStreamBufferReset
                0x0000000000002e14       0xa8 out/stream_buffer.o
                0x0000000000002e14                xStreamBufferReset
 .text.xStreamBufferSend
                0x0000000000002ebc      0x15c out/stream_buffer.o
                0x0000000000002ebc                xStreamBufferSend
 .text.xStreamBufferReceive
                0x0000000000003018      0x118 out/stream_buffer.o
                0x0000000000003018                xStreamBufferReceive
 .text.xStreamBufferIsEmpty
                0x0000000000003130       0x24 out/stream_buffer.o
                0x0000000000003130                xStreamBufferIsEmpty
 .text.xStreamBufferIsFull
                0x0000000000003154       0x3c out/stream_buffer.o
                0x0000000000003154                xStreamBufferIsFull
 .text._sbrk    0x0000000000003190       0x2c out/_sbrk.o
                0x0000000000003190                _sbrk
 .text.prvHelpCommand
                0x00000000000031bc       0x2c out/FreeRTOS_CLI.o
 .text.FreeRTOS_CLIProcessCommand
                0x00000000000031e8       0xc8 out/FreeRTOS_CLI.o
                0x00000000000031e8                FreeRTOS_CLIProcessCommand
 .text.FreeRTOS_CLIGetOutputBuffer
                0x00000000000032b0        0x8 out/FreeRTOS_CLI.o
                0x00000000000032b0                FreeRTOS_CLIGetOutputBuffer
 .text.prvUARTCommandConsoleTask
                0x00000000000032b8      0x118 out/UARTCommandConsole.o
 .text.vUARTCommandConsoleStart
                0x00000000000033d0       0x48 out/UARTCommandConsole.o
                0x00000000000033d0                vUARTCommandConsoleStart
 .text.printchar
                0x0000000000003418       0x16 out/drvUART.o
 .text.prints   0x000000000000342e       0x8c out/drvUART.o
 .text.printi   0x00000000000034ba       0x96 out/drvUART.o
 .text.print    0x0000000000003550      0x114 out/drvUART.o
                0x0000000000003550                print
 .text.UartSendTrace
                0x0000000000003664       0x1c out/drvUART.o
                0x0000000000003664                UartSendTrace
 .text.printf   0x0000000000003680       0x1c out/drvUART.o
                0x0000000000003680                printf
 .text.NVIC_Handler_UART
                0x000000000000369c       0x98 out/drvSerial.o
                0x000000000000369c                NVIC_Handler_UART
 .text.xSerialPortInitMinimal
                0x0000000000003734       0x78 out/drvSerial.o
                0x0000000000003734                xSerialPortInitMinimal
 .text.xSerialGetChar
                0x00000000000037ac       0x18 out/drvSerial.o
                0x00000000000037ac                xSerialGetChar
 .text.vSerialPutString
                0x00000000000037c4       0x1c out/drvSerial.o
                0x00000000000037c4                vSerialPutString
 .text.xSerialPutChar
                0x00000000000037e0        0xc out/drvSerial.o
                0x00000000000037e0                xSerialPutChar
 .text.NVIC_Handler_AUDIO
                0x00000000000037ec       0xa4 out/drvAudio.o
                0x00000000000037ec                NVIC_Handler_AUDIO
 .text.MDrv_AUD_SetBitWidth
                0x0000000000003890       0x74 out/drvAudio.o
                0x0000000000003890                MDrv_AUD_SetBitWidth
 .text.MDrv_AUD_SetMicNo
                0x0000000000003904       0xc0 out/drvAudio.o
                0x0000000000003904                MDrv_AUD_SetMicNo
 .text.MDrv_AUD_Init
                0x00000000000039c4      0x134 out/drvAudio.o
                0x00000000000039c4                MDrv_AUD_Init
 .text.MDrv_AUD_GetMicNo
                0x0000000000003af8       0x60 out/drvAudio.o
                0x0000000000003af8                MDrv_AUD_GetMicNo
 .text.MDrv_AUD_GetBitWidth
                0x0000000000003b58       0x60 out/drvAudio.o
                0x0000000000003b58                MDrv_AUD_GetBitWidth
 .text.MDrv_AUD_SigGenEnable
                0x0000000000003bb8       0x44 out/drvAudio.o
                0x0000000000003bb8                MDrv_AUD_SigGenEnable
 .text.MDrv_AUD_Start
                0x0000000000003bfc       0x70 out/drvAudio.o
                0x0000000000003bfc                MDrv_AUD_Start
 .text.MDrv_AUD_Stop
                0x0000000000003c6c       0x68 out/drvAudio.o
                0x0000000000003c6c                MDrv_AUD_Stop
 .text.MDrv_AUD_IsXrun
                0x0000000000003cd4       0x14 out/drvAudio.o
                0x0000000000003cd4                MDrv_AUD_IsXrun
 .text.MDrv_AUD_ReadPCM
                0x0000000000003ce8      0x140 out/drvAudio.o
                0x0000000000003ce8                MDrv_AUD_ReadPCM
 .text.MDrv_AUD_I2SEnable
                0x0000000000003e28       0x44 out/drvAudio.o
                0x0000000000003e28                MDrv_AUD_I2SEnable
 .text.MDrv_AUD_AECEnable
                0x0000000000003e6c       0x44 out/drvAudio.o
                0x0000000000003e6c                MDrv_AUD_AECEnable
 .text.MDrv_AUD_AECIsEnable
                0x0000000000003eb0        0xc out/drvAudio.o
                0x0000000000003eb0                MDrv_AUD_AECIsEnable
 .text.MDrv_BDMA_Copy
                0x0000000000003ebc       0x6c out/drvBDMA.o
                0x0000000000003ebc                MDrv_BDMA_Copy
 .text.NVIC_Handler_MBX
                0x0000000000003f28       0x5c out/drvMBX.o
                0x0000000000003f28                NVIC_Handler_MBX
 .text.MDrv_MBX_Init
                0x0000000000003f84       0x6c out/drvMBX.o
                0x0000000000003f84                MDrv_MBX_Init
 .text.MDrv_MBX_SendMsg
                0x0000000000003ff0       0xb0 out/drvMBX.o
                0x0000000000003ff0                MDrv_MBX_SendMsg
 .text.MDrv_MBX_RecvMsg
                0x00000000000040a0       0x80 out/drvMBX.o
                0x00000000000040a0                MDrv_MBX_RecvMsg
 .text.MDrv_MBX_RecvMsgEndExt
                0x0000000000004120       0x10 out/drvMBX.o
                0x0000000000004120                MDrv_MBX_RecvMsgEndExt
 .text.NVIC_Handler_NOPMIRQ
                0x0000000000004130       0x38 out/drvINTC.o
                0x0000000000004130                NVIC_Handler_NOPMIRQ
 .text.NVIC_Handler_NOPMFIQ
                0x0000000000004168       0x44 out/drvINTC.o
                0x0000000000004168                NVIC_Handler_NOPMFIQ
 .text.MDrv_INTC_Init
                0x00000000000041ac       0x58 out/drvINTC.o
                0x00000000000041ac                MDrv_INTC_Init
 .text.MDrv_INTC_IRQAttach
                0x0000000000004204        0xc out/drvINTC.o
                0x0000000000004204                MDrv_INTC_IRQAttach
 .text.MDrv_INTC_FIQAttach
                0x0000000000004210        0xc out/drvINTC.o
                0x0000000000004210                MDrv_INTC_FIQAttach
 .text.MDrv_INTC_IRQSetMask
                0x000000000000421c       0x2c out/drvINTC.o
                0x000000000000421c                MDrv_INTC_IRQSetMask
 .text.MDrv_INTC_FIQSetMask
                0x0000000000004248       0x2c out/drvINTC.o
                0x0000000000004248                MDrv_INTC_FIQSetMask
 .text.MDrv_PM_Suspend
                0x0000000000004274       0x38 out/drvPM.o
                0x0000000000004274                MDrv_PM_Suspend
 .text.MDrv_PM_Resume
                0x00000000000042ac       0x3c out/drvPM.o
                0x00000000000042ac                MDrv_PM_Resume
 .text.MDrv_CPU_SetFreq
                0x00000000000042e8       0x2c out/drvCPU.o
                0x00000000000042e8                MDrv_CPU_SetFreq
 .text.MHAL_AUD_I2SSetFmt
                0x0000000000004314       0x24 out/halAudio.o
                0x0000000000004314                MHAL_AUD_I2SSetFmt
 .text.MHAL_AUD_I2SSetBitWidth
                0x0000000000004338       0xac out/halAudio.o
                0x0000000000004338                MHAL_AUD_I2SSetBitWidth
 .text.MHAL_AUD_I2SSetMsMode
                0x00000000000043e4       0x40 out/halAudio.o
                0x00000000000043e4                MHAL_AUD_I2SSetMsMode
 .text.MHAL_AUD_I2SSetChn
                0x0000000000004424       0xfc out/halAudio.o
                0x0000000000004424                MHAL_AUD_I2SSetChn
 .text.MHAL_AUD_I2SSetSynthRate
                0x0000000000004520       0x88 out/halAudio.o
                0x0000000000004520                MHAL_AUD_I2SSetSynthRate
 .text.MHAL_AUD_I2SEnable
                0x00000000000045a8       0x98 out/halAudio.o
                0x00000000000045a8                MHAL_AUD_I2SEnable
 .text.MHAL_AUD_I2SInit
                0x0000000000004640       0x2c out/halAudio.o
                0x0000000000004640                MHAL_AUD_I2SInit
 .text.MHAL_AUD_DMAReset
                0x000000000000466c       0x40 out/halAudio.o
                0x000000000000466c                MHAL_AUD_DMAReset
 .text.MHAL_AUD_DMASetBufAddr
                0x00000000000046ac       0x40 out/halAudio.o
                0x00000000000046ac                MHAL_AUD_DMASetBufAddr
 .text.MHAL_AUD_DMASetBufOverThr
                0x00000000000046ec       0x14 out/halAudio.o
                0x00000000000046ec                MHAL_AUD_DMASetBufOverThr
 .text.MHAL_AUD_DMAGetBufLevel
                0x0000000000004700       0x30 out/halAudio.o
                0x0000000000004700                MHAL_AUD_DMAGetBufLevel
 .text.MHAL_AUD_DMAGetIntStatus
                0x0000000000004730       0x18 out/halAudio.o
                0x0000000000004730                MHAL_AUD_DMAGetIntStatus
 .text.MHAL_AUD_DMAEnableInt
                0x0000000000004748       0x34 out/halAudio.o
                0x0000000000004748                MHAL_AUD_DMAEnableInt
 .text.MHAL_AUD_DMAReadData
                0x000000000000477c       0xcc out/halAudio.o
                0x000000000000477c                MHAL_AUD_DMAReadData
 .text.MHAL_AUD_DMAStart
                0x0000000000004848       0x2c out/halAudio.o
                0x0000000000004848                MHAL_AUD_DMAStart
 .text.MHAL_AUD_DMAStop
                0x0000000000004874       0x20 out/halAudio.o
                0x0000000000004874                MHAL_AUD_DMAStop
 .text.MHAL_AUD_DMAIsRunning
                0x0000000000004894        0xc out/halAudio.o
                0x0000000000004894                MHAL_AUD_DMAIsRunning
 .text.MHAL_AUD_DMAClearInt
                0x00000000000048a0       0x1c out/halAudio.o
                0x00000000000048a0                MHAL_AUD_DMAClearInt
 .text.MHAL_AUD_DMASetWidth
                0x00000000000048bc       0x20 out/halAudio.o
                0x00000000000048bc                MHAL_AUD_DMASetWidth
 .text.MHAL_AUD_DMASetChn
                0x00000000000048dc       0x24 out/halAudio.o
                0x00000000000048dc                MHAL_AUD_DMASetChn
 .text.MHAL_AUD_DMASetModeExt
                0x0000000000004900        0xc out/halAudio.o
                0x0000000000004900                MHAL_AUD_DMASetModeExt
 .text.MHAL_AUD_DMAEnableSigGen
                0x000000000000490c       0x14 out/halAudio.o
                0x000000000000490c                MHAL_AUD_DMAEnableSigGen
 .text.MHAL_AUD_DMAEnableAEC
                0x0000000000004920       0x24 out/halAudio.o
                0x0000000000004920                MHAL_AUD_DMAEnableAEC
 .text.MHAL_AUD_DMicSelPhase
                0x0000000000004944       0x28 out/halAudio.o
                0x0000000000004944                MHAL_AUD_DMicSelPhase
 .text.MHAL_AUD_Init
                0x000000000000496c       0x9c out/halAudio.o
                0x000000000000496c                MHAL_AUD_Init
 .text.uart_id  0x0000000000004a08        0x4 out/halUART.o
                0x0000000000004a08                uart_id
 .text.uart_init
                0x0000000000004a0c       0xa8 out/halUART.o
                0x0000000000004a0c                uart_init
 .text.uart_int_enable
                0x0000000000004ab4        0xc out/halUART.o
                0x0000000000004ab4                uart_int_enable
 .text.uart_int_source
                0x0000000000004ac0       0x10 out/halUART.o
                0x0000000000004ac0                uart_int_source
 .text.uart_clear_msr
                0x0000000000004ad0        0xc out/halUART.o
                0x0000000000004ad0                uart_clear_msr
 .text.uart_clear_lsr
                0x0000000000004adc        0xc out/halUART.o
                0x0000000000004adc                uart_clear_lsr
 .text.uart_read_byte
                0x0000000000004ae8       0x18 out/halUART.o
                0x0000000000004ae8                uart_read_byte
 .text.uart_write_byte
                0x0000000000004b00       0x18 out/halUART.o
                0x0000000000004b00                uart_write_byte
 .text.MHAL_MBX_Init
                0x0000000000004b18       0xe0 out/halMBX.o
                0x0000000000004b18                MHAL_MBX_Init
 .text.MHAL_MBX_ClearAll
                0x0000000000004bf8      0x100 out/halMBX.o
                0x0000000000004bf8                MHAL_MBX_ClearAll
 .text.MHAL_MBX_Fire
                0x0000000000004cf8      0x1d8 out/halMBX.o
                0x0000000000004cf8                MHAL_MBX_Fire
 .text.MHAL_MBX_GetFireStatus
                0x0000000000004ed0       0x54 out/halMBX.o
                0x0000000000004ed0                MHAL_MBX_GetFireStatus
 .text.MHAL_MBX_Recv
                0x0000000000004f24       0xe4 out/halMBX.o
                0x0000000000004f24                MHAL_MBX_Recv
 .text.MHAL_MBX_RecvEndExt
                0x0000000000005008       0x48 out/halMBX.o
                0x0000000000005008                MHAL_MBX_RecvEndExt
 .text.MHal_Timer_Reset
                0x0000000000005050       0x10 out/halTimer.o
                0x0000000000005050                MHal_Timer_Reset
 .text.MHal_Timer_GetTick
                0x0000000000005060       0x14 out/halTimer.o
                0x0000000000005060                MHal_Timer_GetTick
 .text.MHal_Timer_GetMax
                0x0000000000005074       0x14 out/halTimer.o
                0x0000000000005074                MHal_Timer_GetMax
 .text.MHal_Timer_Delay
                0x0000000000005088       0x2a out/halTimer.o
                0x0000000000005088                MHal_Timer_Delay
 *fill*         0x00000000000050b2        0x2 
 .text.MHal_INTC_IRQStatus
                0x00000000000050b4       0x54 out/halINTC.o
                0x00000000000050b4                MHal_INTC_IRQStatus
 .text.MHal_INTC_FIQStatus
                0x0000000000005108       0x54 out/halINTC.o
                0x0000000000005108                MHal_INTC_FIQStatus
 .text.MHal_INTC_FIQClear
                0x000000000000515c       0x48 out/halINTC.o
                0x000000000000515c                MHal_INTC_FIQClear
 .text.MHal_INTC_IRQMask
                0x00000000000051a4       0x4c out/halINTC.o
                0x00000000000051a4                MHal_INTC_IRQMask
 .text.MHal_INTC_IRQUnMask
                0x00000000000051f0       0x54 out/halINTC.o
                0x00000000000051f0                MHal_INTC_IRQUnMask
 .text.MHal_INTC_FIQMask
                0x0000000000005244       0x4c out/halINTC.o
                0x0000000000005244                MHal_INTC_FIQMask
 .text.MHal_INTC_FIQUnMask
                0x0000000000005290       0x54 out/halINTC.o
                0x0000000000005290                MHal_INTC_FIQUnMask
 .text.MHal_CPUINT_Fire
                0x00000000000052e4       0x2c out/halCPUINT.o
                0x00000000000052e4                MHal_CPUINT_Fire
 .text.MHal_CPUINT_Clear
                0x0000000000005310       0x28 out/halCPUINT.o
                0x0000000000005310                MHal_CPUINT_Clear
 .text.MHal_BDMA_PollingDone
                0x0000000000005338       0x14 out/halBDMA.o
                0x0000000000005338                MHal_BDMA_PollingDone
 .text.MHal_BDMA_IMItoMIU
                0x000000000000534c       0x48 out/halBDMA.o
                0x000000000000534c                MHal_BDMA_IMItoMIU
 .text.MHal_BDMA_MIUtoIMI
                0x0000000000005394       0x48 out/halBDMA.o
                0x0000000000005394                MHal_BDMA_MIUtoIMI
 .text.MHal_BDMA_IMItoIMI
                0x00000000000053dc       0x70 out/halBDMA.o
                0x00000000000053dc                MHal_BDMA_IMItoIMI
 .text.MHal_BDMA_Init
                0x000000000000544c       0x14 out/halBDMA.o
                0x000000000000544c                MHal_BDMA_Init
 .text.MHal_BDMA_Resume
                0x0000000000005460        0x4 out/halBDMA.o
                0x0000000000005460                MHal_BDMA_Resume
 .text.Mhal_PM_Suspend
                0x0000000000005464        0x2 out/halPM.o
                0x0000000000005464                Mhal_PM_Suspend
 *fill*         0x0000000000005466        0x2 
 .text.Mhal_PM_Resume
                0x0000000000005468       0x20 out/halPM.o
                0x0000000000005468                Mhal_PM_Resume
 .text.MHal_CPU_Init
                0x0000000000005488        0x4 out/halCPU.o
                0x0000000000005488                MHal_CPU_Init
 .text.MHal_CPU_SetFreq
                0x000000000000548c       0x28 out/halCPU.o
                0x000000000000548c                MHal_CPU_SetFreq
 .text.ch6_scale48k
                0x00000000000054b4      0x3a0 out/apiSRC.o
 .text.ch4_scale48k
                0x0000000000005854      0x2a8 out/apiSRC.o
 .text.ch2_scale48k
                0x0000000000005afc      0x124 out/apiSRC.o
 .text.MApi_VOC_SrcProcess48k
                0x0000000000005c20       0xf4 out/apiSRC.o
                0x0000000000005c20                MApi_VOC_SrcProcess48k
 .text.MApi_VOC_SrcInit48k
                0x0000000000005d14       0xb4 out/apiSRC.o
                0x0000000000005d14                MApi_VOC_SrcInit48k
 .text.MApi_VOC_VDInit
                0x0000000000005dc8       0x28 out/apiVOC.o
                0x0000000000005dc8                MApi_VOC_VDInit
 .text.MApi_VOC_VDConfig
                0x0000000000005df0       0x54 out/apiVOC.o
                0x0000000000005df0                MApi_VOC_VDConfig
 .text.MApi_VOC_VDConfigExt
                0x0000000000005e44       0x5c out/apiVOC.o
                0x0000000000005e44                MApi_VOC_VDConfigExt
 .text.MApi_VOC_VDReset
                0x0000000000005ea0       0x64 out/apiVOC.o
                0x0000000000005ea0                MApi_VOC_VDReset
 .text.MApi_VOC_VDPort
                0x0000000000005f04       0xec out/apiVOC.o
                0x0000000000005f04                MApi_VOC_VDPort
 .text.MApi_VOC_VDNotify
                0x0000000000005ff0       0x68 out/apiVOC.o
                0x0000000000005ff0                MApi_VOC_VDNotify
 .text.MApi_VOC_NotifyStatus
                0x0000000000006058       0x28 out/apiVOC.o
                0x0000000000006058                MApi_VOC_NotifyStatus
 .text.MApi_VOC_VQPort
                0x0000000000006080       0x94 out/apiVQ.o
                0x0000000000006080                MApi_VOC_VQPort
 .text.MApi_VOC_VPPort
                0x0000000000006114       0x48 out/apiVP.o
                0x0000000000006114                MApi_VOC_VPPort
 .text.Mapi_VOC_VPConfig
                0x000000000000615c        0xc out/apiVP.o
                0x000000000000615c                Mapi_VOC_VPConfig
 .text.MApi_VOC_MicMapConfig
                0x0000000000006168       0x38 out/apiVP.o
                0x0000000000006168                MApi_VOC_MicMapConfig
 .text.MApi_VOC_MicMap
                0x00000000000061a0       0xdc out/apiVP.o
                0x00000000000061a0                MApi_VOC_MicMap
 .text.HPF_16   0x000000000000627c      0x73c out/apiVP.o
                0x000000000000627c                HPF_16
 .text.HPF_32   0x00000000000069b8      0x224 out/apiVP.o
                0x00000000000069b8                HPF_32
 .text.MApi_VOC_HpfReset
                0x0000000000006bdc       0x64 out/apiVP.o
                0x0000000000006bdc                MApi_VOC_HpfReset
 .text.MApi_VOC_Hpf
                0x0000000000006c40       0x44 out/apiVP.o
                0x0000000000006c40                MApi_VOC_Hpf
 .text.MApi_VOC_HpfConfig
                0x0000000000006c84       0x34 out/apiVP.o
                0x0000000000006c84                MApi_VOC_HpfConfig
 .text.MApi_VOC_HpfEnable
                0x0000000000006cb8       0x30 out/apiVP.o
                0x0000000000006cb8                MApi_VOC_HpfEnable
 .text.MApi_VOC_SetMicSwGain
                0x0000000000006ce8       0x10 out/apiVP.o
                0x0000000000006ce8                MApi_VOC_SetMicSwGain
 .text.MApi_VOC_SwGainReset
                0x0000000000006cf8       0x34 out/apiVP.o
                0x0000000000006cf8                MApi_VOC_SwGainReset
 .text.MApi_VOC_SetSwGain
                0x0000000000006d2c       0x10 out/apiVP.o
                0x0000000000006d2c                MApi_VOC_SetSwGain
 .text.MApi_VOC_SwGain
                0x0000000000006d3c      0x20c out/apiVP.o
                0x0000000000006d3c                MApi_VOC_SwGain
 .text.MOS_IRQn_AttachIsr
                0x0000000000006f48       0x70 out/mosWrapper.o
                0x0000000000006f48                MOS_IRQn_AttachIsr
 .text.MOS_IRQn_Mask
                0x0000000000006fb8       0x4c out/mosWrapper.o
                0x0000000000006fb8                MOS_IRQn_Mask
 .text.MOS_IRQn_Unmask
                0x0000000000007004       0x40 out/mosWrapper.o
                0x0000000000007004                MOS_IRQn_Unmask
 .text.MOS_mDelay
                0x0000000000007044        0xc out/mosWrapper.o
                0x0000000000007044                MOS_mDelay
 .text.prvVdProcTask
                0x0000000000007050       0xfc out/voc_task.o
 .text.VocTaskVQConfig
                0x000000000000714c       0x28 out/voc_task.o
                0x000000000000714c                VocTaskVQConfig
 .text.VocTaskVQPost
                0x0000000000007174       0x98 out/voc_task.o
                0x0000000000007174                VocTaskVQPost
 .text.prvVocProcTask
                0x000000000000720c      0x288 out/voc_task.o
 .text.VocTaskReset
                0x0000000000007494       0x24 out/voc_task.o
                0x0000000000007494                VocTaskReset
 .text.VocTaskEnableFunc
                0x00000000000074b8       0x9c out/voc_task.o
                0x00000000000074b8                VocTaskEnableFunc
 .text.VocTaskStart
                0x0000000000007554      0x100 out/voc_task.o
                0x0000000000007554                VocTaskStart
 .text.prvMbxProcTask
                0x0000000000007654      0x24c out/mbx_task.o
 .text.MbxTaskStart
                0x00000000000078a0       0x34 out/mbx_task.o
                0x00000000000078a0                MbxTaskStart
 .text.startup.main
                0x00000000000078d4       0xa8 out/main.o
                0x00000000000078d4                main
 .text.vApplicationMallocFailedHook
                0x000000000000797c       0x14 out/main.o
                0x000000000000797c                vApplicationMallocFailedHook
 .text.vApplicationStackOverflowHook
                0x0000000000007990       0x14 out/main.o
                0x0000000000007990                vApplicationStackOverflowHook
 .text.vApplicationIdleHook
                0x00000000000079a4       0x3c out/main.o
                0x00000000000079a4                vApplicationIdleHook
 .text.vApplicationGetIdleTaskMemory
                0x00000000000079e0       0x1c out/main.o
                0x00000000000079e0                vApplicationGetIdleTaskMemory
 .text.vApplicationGetTimerTaskMemory
                0x00000000000079fc       0x1c out/main.o
                0x00000000000079fc                vApplicationGetTimerTaskMemory
 .text.cosf     0x0000000000007a18       0x78 /home/gu/code/freeRTOS10/vendor/mstar/CM4/tools/gcc-arm-none-eabi-8-2018-q4-major/bin/../lib/gcc/arm-none-eabi/8.2.1/../../../../arm-none-eabi/lib/thumb/v7e-m/nofp/libm.a(lib_a-sf_cos.o)
                0x0000000000007a18                cosf
 .text.exp      0x0000000000007a90      0x100 /home/gu/code/freeRTOS10/vendor/mstar/CM4/tools/gcc-arm-none-eabi-8-2018-q4-major/bin/../lib/gcc/arm-none-eabi/8.2.1/../../../../arm-none-eabi/lib/thumb/v7e-m/nofp/libm.a(lib_a-w_exp.o)
                0x0000000000007a90                exp
 .text.logf     0x0000000000007b90       0xf8 /home/gu/code/freeRTOS10/vendor/mstar/CM4/tools/gcc-arm-none-eabi-8-2018-q4-major/bin/../lib/gcc/arm-none-eabi/8.2.1/../../../../arm-none-eabi/lib/thumb/v7e-m/nofp/libm.a(lib_a-wf_log.o)
                0x0000000000007b90                logf
 .text.powf     0x0000000000007c88      0x310 /home/gu/code/freeRTOS10/vendor/mstar/CM4/tools/gcc-arm-none-eabi-8-2018-q4-major/bin/../lib/gcc/arm-none-eabi/8.2.1/../../../../arm-none-eabi/lib/thumb/v7e-m/nofp/libm.a(lib_a-wf_pow.o)
                0x0000000000007c88                powf
 .text.__ieee754_exp
                0x0000000000007f98      0x374 /home/gu/code/freeRTOS10/vendor/mstar/CM4/tools/gcc-arm-none-eabi-8-2018-q4-major/bin/../lib/gcc/arm-none-eabi/8.2.1/../../../../arm-none-eabi/lib/thumb/v7e-m/nofp/libm.a(lib_a-e_exp.o)
                0x0000000000007f98                __ieee754_exp
 .text.__ieee754_logf
                0x000000000000830c      0x258 /home/gu/code/freeRTOS10/vendor/mstar/CM4/tools/gcc-arm-none-eabi-8-2018-q4-major/bin/../lib/gcc/arm-none-eabi/8.2.1/../../../../arm-none-eabi/lib/thumb/v7e-m/nofp/libm.a(lib_a-ef_log.o)
                0x000000000000830c                __ieee754_logf
 .text.__ieee754_powf
                0x0000000000008564      0x708 /home/gu/code/freeRTOS10/vendor/mstar/CM4/tools/gcc-arm-none-eabi-8-2018-q4-major/bin/../lib/gcc/arm-none-eabi/8.2.1/../../../../arm-none-eabi/lib/thumb/v7e-m/nofp/libm.a(lib_a-ef_pow.o)
                0x0000000000008564                __ieee754_powf
 .text.__ieee754_rem_pio2f
                0x0000000000008c6c      0x2e8 /home/gu/code/freeRTOS10/vendor/mstar/CM4/tools/gcc-arm-none-eabi-8-2018-q4-major/bin/../lib/gcc/arm-none-eabi/8.2.1/../../../../arm-none-eabi/lib/thumb/v7e-m/nofp/libm.a(lib_a-ef_rem_pio2.o)
                0x0000000000008c6c                __ieee754_rem_pio2f
 .text.__ieee754_sqrtf
                0x0000000000008f54       0xac /home/gu/code/freeRTOS10/vendor/mstar/CM4/tools/gcc-arm-none-eabi-8-2018-q4-major/bin/../lib/gcc/arm-none-eabi/8.2.1/../../../../arm-none-eabi/lib/thumb/v7e-m/nofp/libm.a(lib_a-ef_sqrt.o)
                0x0000000000008f54                __ieee754_sqrtf
 .text.__kernel_cosf
                0x0000000000009000      0x188 /home/gu/code/freeRTOS10/vendor/mstar/CM4/tools/gcc-arm-none-eabi-8-2018-q4-major/bin/../lib/gcc/arm-none-eabi/8.2.1/../../../../arm-none-eabi/lib/thumb/v7e-m/nofp/libm.a(lib_a-kf_cos.o)
                0x0000000000009000                __kernel_cosf
 .text.__kernel_rem_pio2f
                0x0000000000009188      0x6d4 /home/gu/code/freeRTOS10/vendor/mstar/CM4/tools/gcc-arm-none-eabi-8-2018-q4-major/bin/../lib/gcc/arm-none-eabi/8.2.1/../../../../arm-none-eabi/lib/thumb/v7e-m/nofp/libm.a(lib_a-kf_rem_pio2.o)
                0x0000000000009188                __kernel_rem_pio2f
 .text.__kernel_sinf
                0x000000000000985c       0xec /home/gu/code/freeRTOS10/vendor/mstar/CM4/tools/gcc-arm-none-eabi-8-2018-q4-major/bin/../lib/gcc/arm-none-eabi/8.2.1/../../../../arm-none-eabi/lib/thumb/v7e-m/nofp/libm.a(lib_a-kf_sin.o)
                0x000000000000985c                __kernel_sinf
 .text.finite   0x0000000000009948        0xc /home/gu/code/freeRTOS10/vendor/mstar/CM4/tools/gcc-arm-none-eabi-8-2018-q4-major/bin/../lib/gcc/arm-none-eabi/8.2.1/../../../../arm-none-eabi/lib/thumb/v7e-m/nofp/libm.a(lib_a-s_finite.o)
                0x0000000000009948                finite
 .text.matherr  0x0000000000009954        0x4 /home/gu/code/freeRTOS10/vendor/mstar/CM4/tools/gcc-arm-none-eabi-8-2018-q4-major/bin/../lib/gcc/arm-none-eabi/8.2.1/../../../../arm-none-eabi/lib/thumb/v7e-m/nofp/libm.a(lib_a-s_matherr.o)
                0x0000000000009954                matherr
 .text.nan      0x0000000000009958        0xc /home/gu/code/freeRTOS10/vendor/mstar/CM4/tools/gcc-arm-none-eabi-8-2018-q4-major/bin/../lib/gcc/arm-none-eabi/8.2.1/../../../../arm-none-eabi/lib/thumb/v7e-m/nofp/libm.a(lib_a-s_nan.o)
                0x0000000000009958                nan
 .text.fabsf    0x0000000000009964        0x8 /home/gu/code/freeRTOS10/vendor/mstar/CM4/tools/gcc-arm-none-eabi-8-2018-q4-major/bin/../lib/gcc/arm-none-eabi/8.2.1/../../../../arm-none-eabi/lib/thumb/v7e-m/nofp/libm.a(lib_a-sf_fabs.o)
                0x0000000000009964                fabsf
 .text.finitef  0x000000000000996c       0x10 /home/gu/code/freeRTOS10/vendor/mstar/CM4/tools/gcc-arm-none-eabi-8-2018-q4-major/bin/../lib/gcc/arm-none-eabi/8.2.1/../../../../arm-none-eabi/lib/thumb/v7e-m/nofp/libm.a(lib_a-sf_finite.o)
                0x000000000000996c                finitef
 .text.floorf   0x000000000000997c       0x7c /home/gu/code/freeRTOS10/vendor/mstar/CM4/tools/gcc-arm-none-eabi-8-2018-q4-major/bin/../lib/gcc/arm-none-eabi/8.2.1/../../../../arm-none-eabi/lib/thumb/v7e-m/nofp/libm.a(lib_a-sf_floor.o)
                0x000000000000997c                floorf
 .text.nanf     0x00000000000099f8        0x8 /home/gu/code/freeRTOS10/vendor/mstar/CM4/tools/gcc-arm-none-eabi-8-2018-q4-major/bin/../lib/gcc/arm-none-eabi/8.2.1/../../../../arm-none-eabi/lib/thumb/v7e-m/nofp/libm.a(lib_a-sf_nan.o)
                0x00000000000099f8                nanf
 .text.rintf    0x0000000000009a00       0xa8 /home/gu/code/freeRTOS10/vendor/mstar/CM4/tools/gcc-arm-none-eabi-8-2018-q4-major/bin/../lib/gcc/arm-none-eabi/8.2.1/../../../../arm-none-eabi/lib/thumb/v7e-m/nofp/libm.a(lib_a-sf_rint.o)
                0x0000000000009a00                rintf
 .text.scalbnf  0x0000000000009aa8       0xa8 /home/gu/code/freeRTOS10/vendor/mstar/CM4/tools/gcc-arm-none-eabi-8-2018-q4-major/bin/../lib/gcc/arm-none-eabi/8.2.1/../../../../arm-none-eabi/lib/thumb/v7e-m/nofp/libm.a(lib_a-sf_scalbn.o)
                0x0000000000009aa8                scalbnf
 .text          0x0000000000009b50      0x378 /home/gu/code/freeRTOS10/vendor/mstar/CM4/tools/gcc-arm-none-eabi-8-2018-q4-major/bin/../lib/gcc/arm-none-eabi/8.2.1/thumb/v7e-m/nofp/libgcc.a(_arm_addsubdf3.o)
                0x0000000000009b50                __aeabi_drsub
                0x0000000000009b58                __aeabi_dsub
                0x0000000000009b58                __subdf3
                0x0000000000009b5c                __adddf3
                0x0000000000009b5c                __aeabi_dadd
                0x0000000000009dd4                __aeabi_ui2d
                0x0000000000009dd4                __floatunsidf
                0x0000000000009df4                __floatsidf
                0x0000000000009df4                __aeabi_i2d
                0x0000000000009e18                __extendsfdf2
                0x0000000000009e18                __aeabi_f2d
                0x0000000000009e5c                __aeabi_ul2d
                0x0000000000009e5c                __floatundidf
                0x0000000000009e6c                __floatdidf
                0x0000000000009e6c                __aeabi_l2d
 .text          0x0000000000009ec8      0x424 /home/gu/code/freeRTOS10/vendor/mstar/CM4/tools/gcc-arm-none-eabi-8-2018-q4-major/bin/../lib/gcc/arm-none-eabi/8.2.1/thumb/v7e-m/nofp/libgcc.a(_arm_muldivdf3.o)
                0x0000000000009ec8                __aeabi_dmul
                0x0000000000009ec8                __muldf3
                0x000000000000a11c                __aeabi_ddiv
                0x000000000000a11c                __divdf3
 .text          0x000000000000a2ec      0x110 /home/gu/code/freeRTOS10/vendor/mstar/CM4/tools/gcc-arm-none-eabi-8-2018-q4-major/bin/../lib/gcc/arm-none-eabi/8.2.1/thumb/v7e-m/nofp/libgcc.a(_arm_cmpdf2.o)
                0x000000000000a2ec                __gtdf2
                0x000000000000a2ec                __gedf2
                0x000000000000a2f4                __ltdf2
                0x000000000000a2f4                __ledf2
                0x000000000000a2fc                __cmpdf2
                0x000000000000a2fc                __eqdf2
                0x000000000000a2fc                __nedf2
                0x000000000000a378                __aeabi_cdrcmple
                0x000000000000a388                __aeabi_cdcmple
                0x000000000000a388                __aeabi_cdcmpeq
                0x000000000000a398                __aeabi_dcmpeq
                0x000000000000a3ac                __aeabi_dcmplt
                0x000000000000a3c0                __aeabi_dcmple
                0x000000000000a3d4                __aeabi_dcmpge
                0x000000000000a3e8                __aeabi_dcmpgt
 .text          0x000000000000a3fc       0x50 /home/gu/code/freeRTOS10/vendor/mstar/CM4/tools/gcc-arm-none-eabi-8-2018-q4-major/bin/../lib/gcc/arm-none-eabi/8.2.1/thumb/v7e-m/nofp/libgcc.a(_arm_fixdfsi.o)
                0x000000000000a3fc                __fixdfsi
                0x000000000000a3fc                __aeabi_d2iz
 .text          0x000000000000a44c       0xa0 /home/gu/code/freeRTOS10/vendor/mstar/CM4/tools/gcc-arm-none-eabi-8-2018-q4-major/bin/../lib/gcc/arm-none-eabi/8.2.1/thumb/v7e-m/nofp/libgcc.a(_arm_truncdfsf2.o)
                0x000000000000a44c                __aeabi_d2f
                0x000000000000a44c                __truncdfsf2
 .text          0x000000000000a4ec      0x21c /home/gu/code/freeRTOS10/vendor/mstar/CM4/tools/gcc-arm-none-eabi-8-2018-q4-major/bin/../lib/gcc/arm-none-eabi/8.2.1/thumb/v7e-m/nofp/libgcc.a(_arm_addsubsf3.o)
                0x000000000000a4ec                __aeabi_frsub
                0x000000000000a4f4                __subsf3
                0x000000000000a4f4                __aeabi_fsub
                0x000000000000a4f8                __aeabi_fadd
                0x000000000000a4f8                __addsf3
                0x000000000000a658                __aeabi_ui2f
                0x000000000000a658                __floatunsisf
                0x000000000000a660                __aeabi_i2f
                0x000000000000a660                __floatsisf
                0x000000000000a67c                __floatundisf
                0x000000000000a67c                __aeabi_ul2f
                0x000000000000a68c                __floatdisf
                0x000000000000a68c                __aeabi_l2f
 .text          0x000000000000a708      0x2a0 /home/gu/code/freeRTOS10/vendor/mstar/CM4/tools/gcc-arm-none-eabi-8-2018-q4-major/bin/../lib/gcc/arm-none-eabi/8.2.1/thumb/v7e-m/nofp/libgcc.a(_arm_muldivsf3.o)
                0x000000000000a708                __mulsf3
                0x000000000000a708                __aeabi_fmul
                0x000000000000a870                __divsf3
                0x000000000000a870                __aeabi_fdiv
 .text          0x000000000000a9a8       0xec /home/gu/code/freeRTOS10/vendor/mstar/CM4/tools/gcc-arm-none-eabi-8-2018-q4-major/bin/../lib/gcc/arm-none-eabi/8.2.1/thumb/v7e-m/nofp/libgcc.a(_arm_cmpsf2.o)
                0x000000000000a9a8                __gtsf2
                0x000000000000a9a8                __gesf2
                0x000000000000a9b0                __lesf2
                0x000000000000a9b0                __ltsf2
                0x000000000000a9b8                __nesf2
                0x000000000000a9b8                __eqsf2
                0x000000000000a9b8                __cmpsf2
                0x000000000000aa18                __aeabi_cfrcmple
                0x000000000000aa20                __aeabi_cfcmple
                0x000000000000aa20                __aeabi_cfcmpeq
                0x000000000000aa30                __aeabi_fcmpeq
                0x000000000000aa44                __aeabi_fcmplt
                0x000000000000aa58                __aeabi_fcmple
                0x000000000000aa6c                __aeabi_fcmpge
                0x000000000000aa80                __aeabi_fcmpgt
 .text          0x000000000000aa94       0x2c /home/gu/code/freeRTOS10/vendor/mstar/CM4/tools/gcc-arm-none-eabi-8-2018-q4-major/bin/../lib/gcc/arm-none-eabi/8.2.1/thumb/v7e-m/nofp/libgcc.a(_arm_unordsf2.o)
                0x000000000000aa94                __aeabi_fcmpun
                0x000000000000aa94                __unordsf2
 .text          0x000000000000aac0       0x4c /home/gu/code/freeRTOS10/vendor/mstar/CM4/tools/gcc-arm-none-eabi-8-2018-q4-major/bin/../lib/gcc/arm-none-eabi/8.2.1/thumb/v7e-m/nofp/libgcc.a(_arm_fixsfsi.o)
                0x000000000000aac0                __fixsfsi
                0x000000000000aac0                __aeabi_f2iz
 .text.__errno  0x000000000000ab0c        0xc /home/gu/code/freeRTOS10/vendor/mstar/CM4/tools/gcc-arm-none-eabi-8-2018-q4-major/bin/../lib/gcc/arm-none-eabi/8.2.1/../../../../arm-none-eabi/lib/thumb/v7e-m/nofp/libg_nano.a(lib_a-errno.o)
                0x000000000000ab0c                __errno
 .text.__retarget_lock_init_recursive
                0x000000000000ab18        0x2 /home/gu/code/freeRTOS10/vendor/mstar/CM4/tools/gcc-arm-none-eabi-8-2018-q4-major/bin/../lib/gcc/arm-none-eabi/8.2.1/../../../../arm-none-eabi/lib/thumb/v7e-m/nofp/libg_nano.a(lib_a-lock.o)
                0x000000000000ab18                __retarget_lock_init_recursive
 .text.__retarget_lock_acquire_recursive
                0x000000000000ab1a        0x2 /home/gu/code/freeRTOS10/vendor/mstar/CM4/tools/gcc-arm-none-eabi-8-2018-q4-major/bin/../lib/gcc/arm-none-eabi/8.2.1/../../../../arm-none-eabi/lib/thumb/v7e-m/nofp/libg_nano.a(lib_a-lock.o)
                0x000000000000ab1a                __retarget_lock_acquire_recursive
 .text.__retarget_lock_release_recursive
                0x000000000000ab1c        0x2 /home/gu/code/freeRTOS10/vendor/mstar/CM4/tools/gcc-arm-none-eabi-8-2018-q4-major/bin/../lib/gcc/arm-none-eabi/8.2.1/../../../../arm-none-eabi/lib/thumb/v7e-m/nofp/libg_nano.a(lib_a-lock.o)
                0x000000000000ab1c                __retarget_lock_release_recursive
 .text.memcpy   0x000000000000ab1e       0x1c /home/gu/code/freeRTOS10/vendor/mstar/CM4/tools/gcc-arm-none-eabi-8-2018-q4-major/bin/../lib/gcc/arm-none-eabi/8.2.1/../../../../arm-none-eabi/lib/thumb/v7e-m/nofp/libg_nano.a(lib_a-memcpy-stub.o)
                0x000000000000ab1e                memcpy
 .text.memmove  0x000000000000ab3a       0x34 /home/gu/code/freeRTOS10/vendor/mstar/CM4/tools/gcc-arm-none-eabi-8-2018-q4-major/bin/../lib/gcc/arm-none-eabi/8.2.1/../../../../arm-none-eabi/lib/thumb/v7e-m/nofp/libg_nano.a(lib_a-memmove.o)
                0x000000000000ab3a                memmove
 .text.memset   0x000000000000ab6e       0x10 /home/gu/code/freeRTOS10/vendor/mstar/CM4/tools/gcc-arm-none-eabi-8-2018-q4-major/bin/../lib/gcc/arm-none-eabi/8.2.1/../../../../arm-none-eabi/lib/thumb/v7e-m/nofp/libg_nano.a(lib_a-memset.o)
                0x000000000000ab6e                memset
 *fill*         0x000000000000ab7e        0x2 
 .text._free_r  0x000000000000ab80       0x9c /home/gu/code/freeRTOS10/vendor/mstar/CM4/tools/gcc-arm-none-eabi-8-2018-q4-major/bin/../lib/gcc/arm-none-eabi/8.2.1/../../../../arm-none-eabi/lib/thumb/v7e-m/nofp/libg_nano.a(lib_a-nano-freer.o)
                0x000000000000ab80                _free_r
 .text._malloc_r
                0x000000000000ac1c       0xb4 /home/gu/code/freeRTOS10/vendor/mstar/CM4/tools/gcc-arm-none-eabi-8-2018-q4-major/bin/../lib/gcc/arm-none-eabi/8.2.1/../../../../arm-none-eabi/lib/thumb/v7e-m/nofp/libg_nano.a(lib_a-nano-mallocr.o)
                0x000000000000ac1c                _malloc_r
 .text._puts_r  0x000000000000acd0       0xdc /home/gu/code/freeRTOS10/vendor/mstar/CM4/tools/gcc-arm-none-eabi-8-2018-q4-major/bin/../lib/gcc/arm-none-eabi/8.2.1/../../../../arm-none-eabi/lib/thumb/v7e-m/nofp/libg_nano.a(lib_a-puts.o)
                0x000000000000acd0                _puts_r
 .text.puts     0x000000000000adac       0x10 /home/gu/code/freeRTOS10/vendor/mstar/CM4/tools/gcc-arm-none-eabi-8-2018-q4-major/bin/../lib/gcc/arm-none-eabi/8.2.1/../../../../arm-none-eabi/lib/thumb/v7e-m/nofp/libg_nano.a(lib_a-puts.o)
                0x000000000000adac                puts
 .text._sbrk_r  0x000000000000adbc       0x20 /home/gu/code/freeRTOS10/vendor/mstar/CM4/tools/gcc-arm-none-eabi-8-2018-q4-major/bin/../lib/gcc/arm-none-eabi/8.2.1/../../../../arm-none-eabi/lib/thumb/v7e-m/nofp/libg_nano.a(lib_a-sbrkr.o)
                0x000000000000adbc                _sbrk_r
 .text.strcpy   0x000000000000addc       0x10 /home/gu/code/freeRTOS10/vendor/mstar/CM4/tools/gcc-arm-none-eabi-8-2018-q4-major/bin/../lib/gcc/arm-none-eabi/8.2.1/../../../../arm-none-eabi/lib/thumb/v7e-m/nofp/libg_nano.a(lib_a-strcpy.o)
                0x000000000000addc                strcpy
 .text          0x000000000000adec       0x10 /home/gu/code/freeRTOS10/vendor/mstar/CM4/tools/gcc-arm-none-eabi-8-2018-q4-major/bin/../lib/gcc/arm-none-eabi/8.2.1/../../../../arm-none-eabi/lib/thumb/v7e-m/nofp/libg_nano.a(lib_a-strlen.o)
                0x000000000000adec                strlen
 .text.strncmp  0x000000000000adfc       0x24 /home/gu/code/freeRTOS10/vendor/mstar/CM4/tools/gcc-arm-none-eabi-8-2018-q4-major/bin/../lib/gcc/arm-none-eabi/8.2.1/../../../../arm-none-eabi/lib/thumb/v7e-m/nofp/libg_nano.a(lib_a-strncmp.o)
                0x000000000000adfc                strncmp
 .text.strncpy  0x000000000000ae20       0x26 /home/gu/code/freeRTOS10/vendor/mstar/CM4/tools/gcc-arm-none-eabi-8-2018-q4-major/bin/../lib/gcc/arm-none-eabi/8.2.1/../../../../arm-none-eabi/lib/thumb/v7e-m/nofp/libg_nano.a(lib_a-strncpy.o)
                0x000000000000ae20                strncpy
 *fill*         0x000000000000ae46        0x2 
 .text.__swbuf_r
                0x000000000000ae48       0xa4 /home/gu/code/freeRTOS10/vendor/mstar/CM4/tools/gcc-arm-none-eabi-8-2018-q4-major/bin/../lib/gcc/arm-none-eabi/8.2.1/../../../../arm-none-eabi/lib/thumb/v7e-m/nofp/libg_nano.a(lib_a-wbuf.o)
                0x000000000000ae48                __swbuf_r
 .text.__swsetup_r
                0x000000000000aeec       0xdc /home/gu/code/freeRTOS10/vendor/mstar/CM4/tools/gcc-arm-none-eabi-8-2018-q4-major/bin/../lib/gcc/arm-none-eabi/8.2.1/../../../../arm-none-eabi/lib/thumb/v7e-m/nofp/libg_nano.a(lib_a-wsetup.o)
                0x000000000000aeec                __swsetup_r
 .text.__sflush_r
                0x000000000000afc8      0x10c /home/gu/code/freeRTOS10/vendor/mstar/CM4/tools/gcc-arm-none-eabi-8-2018-q4-major/bin/../lib/gcc/arm-none-eabi/8.2.1/../../../../arm-none-eabi/lib/thumb/v7e-m/nofp/libg_nano.a(lib_a-fflush.o)
                0x000000000000afc8                __sflush_r
 .text._fflush_r
                0x000000000000b0d4       0x78 /home/gu/code/freeRTOS10/vendor/mstar/CM4/tools/gcc-arm-none-eabi-8-2018-q4-major/bin/../lib/gcc/arm-none-eabi/8.2.1/../../../../arm-none-eabi/lib/thumb/v7e-m/nofp/libg_nano.a(lib_a-fflush.o)
                0x000000000000b0d4                _fflush_r
 .text.std      0x000000000000b14c       0x48 /home/gu/code/freeRTOS10/vendor/mstar/CM4/tools/gcc-arm-none-eabi-8-2018-q4-major/bin/../lib/gcc/arm-none-eabi/8.2.1/../../../../arm-none-eabi/lib/thumb/v7e-m/nofp/libg_nano.a(lib_a-findfp.o)
 .text._cleanup_r
                0x000000000000b194        0xc /home/gu/code/freeRTOS10/vendor/mstar/CM4/tools/gcc-arm-none-eabi-8-2018-q4-major/bin/../lib/gcc/arm-none-eabi/8.2.1/../../../../arm-none-eabi/lib/thumb/v7e-m/nofp/libg_nano.a(lib_a-findfp.o)
                0x000000000000b194                _cleanup_r
 .text.__sfmoreglue
                0x000000000000b1a0       0x2c /home/gu/code/freeRTOS10/vendor/mstar/CM4/tools/gcc-arm-none-eabi-8-2018-q4-major/bin/../lib/gcc/arm-none-eabi/8.2.1/../../../../arm-none-eabi/lib/thumb/v7e-m/nofp/libg_nano.a(lib_a-findfp.o)
                0x000000000000b1a0                __sfmoreglue
 .text.__sfp_lock_acquire
                0x000000000000b1cc        0xc /home/gu/code/freeRTOS10/vendor/mstar/CM4/tools/gcc-arm-none-eabi-8-2018-q4-major/bin/../lib/gcc/arm-none-eabi/8.2.1/../../../../arm-none-eabi/lib/thumb/v7e-m/nofp/libg_nano.a(lib_a-findfp.o)
                0x000000000000b1cc                __sfp_lock_acquire
 .text.__sfp_lock_release
                0x000000000000b1d8        0xc /home/gu/code/freeRTOS10/vendor/mstar/CM4/tools/gcc-arm-none-eabi-8-2018-q4-major/bin/../lib/gcc/arm-none-eabi/8.2.1/../../../../arm-none-eabi/lib/thumb/v7e-m/nofp/libg_nano.a(lib_a-findfp.o)
                0x000000000000b1d8                __sfp_lock_release
 .text.__sinit_lock_acquire
                0x000000000000b1e4        0xc /home/gu/code/freeRTOS10/vendor/mstar/CM4/tools/gcc-arm-none-eabi-8-2018-q4-major/bin/../lib/gcc/arm-none-eabi/8.2.1/../../../../arm-none-eabi/lib/thumb/v7e-m/nofp/libg_nano.a(lib_a-findfp.o)
                0x000000000000b1e4                __sinit_lock_acquire
 .text.__sinit_lock_release
                0x000000000000b1f0        0xc /home/gu/code/freeRTOS10/vendor/mstar/CM4/tools/gcc-arm-none-eabi-8-2018-q4-major/bin/../lib/gcc/arm-none-eabi/8.2.1/../../../../arm-none-eabi/lib/thumb/v7e-m/nofp/libg_nano.a(lib_a-findfp.o)
                0x000000000000b1f0                __sinit_lock_release
 .text.__sinit  0x000000000000b1fc       0x70 /home/gu/code/freeRTOS10/vendor/mstar/CM4/tools/gcc-arm-none-eabi-8-2018-q4-major/bin/../lib/gcc/arm-none-eabi/8.2.1/../../../../arm-none-eabi/lib/thumb/v7e-m/nofp/libg_nano.a(lib_a-findfp.o)
                0x000000000000b1fc                __sinit
 .text.__sfp    0x000000000000b26c       0x8c /home/gu/code/freeRTOS10/vendor/mstar/CM4/tools/gcc-arm-none-eabi-8-2018-q4-major/bin/../lib/gcc/arm-none-eabi/8.2.1/../../../../arm-none-eabi/lib/thumb/v7e-m/nofp/libg_nano.a(lib_a-findfp.o)
                0x000000000000b26c                __sfp
 .text._fwalk_reent
                0x000000000000b2f8       0x3c /home/gu/code/freeRTOS10/vendor/mstar/CM4/tools/gcc-arm-none-eabi-8-2018-q4-major/bin/../lib/gcc/arm-none-eabi/8.2.1/../../../../arm-none-eabi/lib/thumb/v7e-m/nofp/libg_nano.a(lib_a-fwalk.o)
                0x000000000000b2f8                _fwalk_reent
 .text.__swhatbuf_r
                0x000000000000b334       0x48 /home/gu/code/freeRTOS10/vendor/mstar/CM4/tools/gcc-arm-none-eabi-8-2018-q4-major/bin/../lib/gcc/arm-none-eabi/8.2.1/../../../../arm-none-eabi/lib/thumb/v7e-m/nofp/libg_nano.a(lib_a-makebuf.o)
                0x000000000000b334                __swhatbuf_r
 .text.__smakebuf_r
                0x000000000000b37c       0x80 /home/gu/code/freeRTOS10/vendor/mstar/CM4/tools/gcc-arm-none-eabi-8-2018-q4-major/bin/../lib/gcc/arm-none-eabi/8.2.1/../../../../arm-none-eabi/lib/thumb/v7e-m/nofp/libg_nano.a(lib_a-makebuf.o)
                0x000000000000b37c                __smakebuf_r
 .text.__malloc_lock
                0x000000000000b3fc        0xc /home/gu/code/freeRTOS10/vendor/mstar/CM4/tools/gcc-arm-none-eabi-8-2018-q4-major/bin/../lib/gcc/arm-none-eabi/8.2.1/../../../../arm-none-eabi/lib/thumb/v7e-m/nofp/libg_nano.a(lib_a-mlock.o)
                0x000000000000b3fc                __malloc_lock
 .text.__malloc_unlock
                0x000000000000b408        0xc /home/gu/code/freeRTOS10/vendor/mstar/CM4/tools/gcc-arm-none-eabi-8-2018-q4-major/bin/../lib/gcc/arm-none-eabi/8.2.1/../../../../arm-none-eabi/lib/thumb/v7e-m/nofp/libg_nano.a(lib_a-mlock.o)
                0x000000000000b408                __malloc_unlock
 .text.__sread  0x000000000000b414       0x22 /home/gu/code/freeRTOS10/vendor/mstar/CM4/tools/gcc-arm-none-eabi-8-2018-q4-major/bin/../lib/gcc/arm-none-eabi/8.2.1/../../../../arm-none-eabi/lib/thumb/v7e-m/nofp/libg_nano.a(lib_a-stdio.o)
                0x000000000000b414                __sread
 .text.__swrite
                0x000000000000b436       0x38 /home/gu/code/freeRTOS10/vendor/mstar/CM4/tools/gcc-arm-none-eabi-8-2018-q4-major/bin/../lib/gcc/arm-none-eabi/8.2.1/../../../../arm-none-eabi/lib/thumb/v7e-m/nofp/libg_nano.a(lib_a-stdio.o)
                0x000000000000b436                __swrite
 .text.__sseek  0x000000000000b46e       0x24 /home/gu/code/freeRTOS10/vendor/mstar/CM4/tools/gcc-arm-none-eabi-8-2018-q4-major/bin/../lib/gcc/arm-none-eabi/8.2.1/../../../../arm-none-eabi/lib/thumb/v7e-m/nofp/libg_nano.a(lib_a-stdio.o)
                0x000000000000b46e                __sseek
 .text.__sclose
                0x000000000000b492        0x8 /home/gu/code/freeRTOS10/vendor/mstar/CM4/tools/gcc-arm-none-eabi-8-2018-q4-major/bin/../lib/gcc/arm-none-eabi/8.2.1/../../../../arm-none-eabi/lib/thumb/v7e-m/nofp/libg_nano.a(lib_a-stdio.o)
                0x000000000000b492                __sclose
 *fill*         0x000000000000b49a        0x2 
 .text._write_r
                0x000000000000b49c       0x24 /home/gu/code/freeRTOS10/vendor/mstar/CM4/tools/gcc-arm-none-eabi-8-2018-q4-major/bin/../lib/gcc/arm-none-eabi/8.2.1/../../../../arm-none-eabi/lib/thumb/v7e-m/nofp/libg_nano.a(lib_a-writer.o)
                0x000000000000b49c                _write_r
 .text._close_r
                0x000000000000b4c0       0x20 /home/gu/code/freeRTOS10/vendor/mstar/CM4/tools/gcc-arm-none-eabi-8-2018-q4-major/bin/../lib/gcc/arm-none-eabi/8.2.1/../../../../arm-none-eabi/lib/thumb/v7e-m/nofp/libg_nano.a(lib_a-closer.o)
                0x000000000000b4c0                _close_r
 .text._fstat_r
                0x000000000000b4e0       0x24 /home/gu/code/freeRTOS10/vendor/mstar/CM4/tools/gcc-arm-none-eabi-8-2018-q4-major/bin/../lib/gcc/arm-none-eabi/8.2.1/../../../../arm-none-eabi/lib/thumb/v7e-m/nofp/libg_nano.a(lib_a-fstatr.o)
                0x000000000000b4e0                _fstat_r
 .text._isatty_r
                0x000000000000b504       0x20 /home/gu/code/freeRTOS10/vendor/mstar/CM4/tools/gcc-arm-none-eabi-8-2018-q4-major/bin/../lib/gcc/arm-none-eabi/8.2.1/../../../../arm-none-eabi/lib/thumb/v7e-m/nofp/libg_nano.a(lib_a-isattyr.o)
                0x000000000000b504                _isatty_r
 .text._lseek_r
                0x000000000000b524       0x24 /home/gu/code/freeRTOS10/vendor/mstar/CM4/tools/gcc-arm-none-eabi-8-2018-q4-major/bin/../lib/gcc/arm-none-eabi/8.2.1/../../../../arm-none-eabi/lib/thumb/v7e-m/nofp/libg_nano.a(lib_a-lseekr.o)
                0x000000000000b524                _lseek_r
 .text._read_r  0x000000000000b548       0x24 /home/gu/code/freeRTOS10/vendor/mstar/CM4/tools/gcc-arm-none-eabi-8-2018-q4-major/bin/../lib/gcc/arm-none-eabi/8.2.1/../../../../arm-none-eabi/lib/thumb/v7e-m/nofp/libg_nano.a(lib_a-readr.o)
                0x000000000000b548                _read_r
 .text._close   0x000000000000b56c       0x10 /home/gu/code/freeRTOS10/vendor/mstar/CM4/tools/gcc-arm-none-eabi-8-2018-q4-major/bin/../lib/gcc/arm-none-eabi/8.2.1/../../../../arm-none-eabi/lib/thumb/v7e-m/nofp/libnosys.a(close.o)
                0x000000000000b56c                _close
 .text._fstat   0x000000000000b57c       0x10 /home/gu/code/freeRTOS10/vendor/mstar/CM4/tools/gcc-arm-none-eabi-8-2018-q4-major/bin/../lib/gcc/arm-none-eabi/8.2.1/../../../../arm-none-eabi/lib/thumb/v7e-m/nofp/libnosys.a(fstat.o)
                0x000000000000b57c                _fstat
 .text._isatty  0x000000000000b58c       0x10 /home/gu/code/freeRTOS10/vendor/mstar/CM4/tools/gcc-arm-none-eabi-8-2018-q4-major/bin/../lib/gcc/arm-none-eabi/8.2.1/../../../../arm-none-eabi/lib/thumb/v7e-m/nofp/libnosys.a(isatty.o)
                0x000000000000b58c                _isatty
 .text._lseek   0x000000000000b59c       0x10 /home/gu/code/freeRTOS10/vendor/mstar/CM4/tools/gcc-arm-none-eabi-8-2018-q4-major/bin/../lib/gcc/arm-none-eabi/8.2.1/../../../../arm-none-eabi/lib/thumb/v7e-m/nofp/libnosys.a(lseek.o)
                0x000000000000b59c                _lseek
 .text._read    0x000000000000b5ac       0x10 /home/gu/code/freeRTOS10/vendor/mstar/CM4/tools/gcc-arm-none-eabi-8-2018-q4-major/bin/../lib/gcc/arm-none-eabi/8.2.1/../../../../arm-none-eabi/lib/thumb/v7e-m/nofp/libnosys.a(read.o)
                0x000000000000b5ac                _read
 .text._write   0x000000000000b5bc       0x10 /home/gu/code/freeRTOS10/vendor/mstar/CM4/tools/gcc-arm-none-eabi-8-2018-q4-major/bin/../lib/gcc/arm-none-eabi/8.2.1/../../../../arm-none-eabi/lib/thumb/v7e-m/nofp/libnosys.a(write.o)
                0x000000000000b5bc                _write
 *(vtable)

.vfp11_veneer   0x000000000000b5cc        0x0
 .vfp11_veneer  0x000000000000b5cc        0x0 linker stubs

.v4_bx          0x000000000000b5cc        0x0
 .v4_bx         0x000000000000b5cc        0x0 linker stubs

.iplt           0x000000000000b5cc        0x0
 .iplt          0x000000000000b5cc        0x0 out/libVQ.a(add.o)

.rodata         0x000000000000b5d0     0x1044
 *(EXCLUDE_FILE(*libVQ.a:*.o *libVP.a:*.o *libarm_cortexM4lf_math.a:*.o) .rodata*)
 .rodata.xTimerCreateTimerTask.str1.4
                0x000000000000b5d0        0x8 out/timers.o
 .rodata.FreeRTOS_CLIProcessCommand.str1.4
                0x000000000000b5d8       0xa8 out/FreeRTOS_CLI.o
 .rodata.str1.4
                0x000000000000b680       0x38 out/FreeRTOS_CLI.o
 .rodata.xHelpCommand
                0x000000000000b6b8       0x10 out/FreeRTOS_CLI.o
 .rodata.prvUARTCommandConsoleTask.str1.4
                0x000000000000b6c8       0x89 out/UARTCommandConsole.o
                                         0x8d (size before relaxing)
 *fill*         0x000000000000b751        0x3 
 .rodata.vUARTCommandConsoleStart.str1.4
                0x000000000000b754        0x4 out/UARTCommandConsole.o
 .rodata.print.str1.1
                0x000000000000b758        0x7 out/drvUART.o
 *fill*         0x000000000000b75f        0x1 
 .rodata.CSWTCH.75
                0x000000000000b760        0x4 out/drvAudio.o
 .rodata.CSWTCH.76
                0x000000000000b764        0x3 out/drvAudio.o
 *fill*         0x000000000000b767        0x1 
 .rodata.MDrv_AUD_GetBitWidth.str1.4
                0x000000000000b768       0x24 out/drvAudio.o
 .rodata.MDrv_AUD_GetMicNo.str1.4
                0x000000000000b78c       0x21 out/drvAudio.o
 *fill*         0x000000000000b7ad        0x3 
 .rodata.MDrv_AUD_Init.str1.4
                0x000000000000b7b0       0x36 out/drvAudio.o
 *fill*         0x000000000000b7e6        0x2 
 .rodata.MDrv_AUD_ReadPCM.str1.4
                0x000000000000b7e8       0x69 out/drvAudio.o
 *fill*         0x000000000000b851        0x3 
 .rodata.MDrv_AUD_SetBitWidth.str1.4
                0x000000000000b854       0x24 out/drvAudio.o
 .rodata.MDrv_AUD_SetMicNo.str1.4
                0x000000000000b878       0x21 out/drvAudio.o
 *fill*         0x000000000000b899        0x3 
 .rodata.MDrv_AUD_Start.str1.4
                0x000000000000b89c       0x20 out/drvAudio.o
 .rodata.MDrv_AUD_Stop.str1.4
                0x000000000000b8bc       0x16 out/drvAudio.o
 *fill*         0x000000000000b8d2        0x2 
 .rodata.NVIC_Handler_AUDIO.str1.4
                0x000000000000b8d4       0x2d out/drvAudio.o
 *fill*         0x000000000000b901        0x3 
 .rodata.MDrv_BDMA_Copy.str1.4
                0x000000000000b904       0x20 out/drvBDMA.o
 .rodata.MDrv_MBX_RecvMsg.str1.4
                0x000000000000b924       0x68 out/drvMBX.o
 .rodata.MDrv_MBX_SendMsg.str1.4
                0x000000000000b98c       0xba out/drvMBX.o
 *fill*         0x000000000000ba46        0x2 
 .rodata.NVIC_Handler_MBX.str1.4
                0x000000000000ba48       0x21 out/drvMBX.o
 *fill*         0x000000000000ba69        0x3 
 .rodata.MDrv_PM_Resume.str1.4
                0x000000000000ba6c       0x28 out/drvPM.o
 .rodata.MDrv_PM_Suspend.str1.4
                0x000000000000ba94       0x2a out/drvPM.o
 *fill*         0x000000000000babe        0x2 
 .rodata.CSWTCH.53
                0x000000000000bac0        0x8 out/halAudio.o
 .rodata._u32SynthRateTbl
                0x000000000000bac8       0x18 out/halAudio.o
 .rodata.MHAL_MBX_Fire.str1.4
                0x000000000000bae0       0x75 out/halMBX.o
 *fill*         0x000000000000bb55        0x3 
 .rodata._u16MbxGroupIdMBXHAL
                0x000000000000bb58        0x8 out/halMBX.o
 .rodata._u16CPUINTBitMap
                0x000000000000bb60       0x20 out/halCPUINT.o
 .rodata.MHal_BDMA_IMItoIMI.str1.4
                0x000000000000bb80       0x31 out/halBDMA.o
 *fill*         0x000000000000bbb1        0x3 
 .rodata.MApi_VOC_SrcProcess48k.str1.4
                0x000000000000bbb4       0x2f out/apiSRC.o
 *fill*         0x000000000000bbe3        0x1 
 .rodata.MApi_VOC_VDConfig.str1.4
                0x000000000000bbe4       0x25 out/apiVOC.o
 *fill*         0x000000000000bc09        0x3 
 .rodata.MApi_VOC_VDConfigExt.str1.4
                0x000000000000bc0c       0x2d out/apiVOC.o
 *fill*         0x000000000000bc39        0x3 
 .rodata.MApi_VOC_VDPort.str1.4
                0x000000000000bc3c       0x47 out/apiVOC.o
 *fill*         0x000000000000bc83        0x1 
 .rodata.MApi_VOC_VDReset.str1.4
                0x000000000000bc84       0x18 out/apiVOC.o
 .rodata        0x000000000000bc9c        0xc out/apiVQ.o
 .rodata.MApi_VOC_VQPort.str1.4
                0x000000000000bca8        0x4 out/apiVQ.o
 .rodata.HPF_16.str1.4
                0x000000000000bcac       0x60 out/apiVP.o
 .rodata.MApi_VOC_HpfConfig.str1.4
                0x000000000000bd0c       0x22 out/apiVP.o
 *fill*         0x000000000000bd2e        0x2 
 .rodata.MApi_VOC_MicMapConfig.str1.4
                0x000000000000bd30       0x2a out/apiVP.o
 *fill*         0x000000000000bd5a        0x2 
 .rodata._s16GainTable
                0x000000000000bd5c        0xc out/apiVP.o
 .rodata.VocTaskEnableFunc.str1.4
                0x000000000000bd68       0x35 out/voc_task.o
 *fill*         0x000000000000bd9d        0x3 
 .rodata.VocTaskStart.str1.4
                0x000000000000bda0        0x7 out/voc_task.o
 *fill*         0x000000000000bda7        0x1 
 .rodata.VocTaskVQConfig.str1.4
                0x000000000000bda8       0x24 out/voc_task.o
 .rodata.VocTaskVQPost.str1.4
                0x000000000000bdcc       0x5d out/voc_task.o
 *fill*         0x000000000000be29        0x3 
 .rodata.prvVdProcTask.str1.4
                0x000000000000be2c       0x8b out/voc_task.o
 *fill*         0x000000000000beb7        0x1 
 .rodata.prvVocProcTask.str1.4
                0x000000000000beb8      0x193 out/voc_task.o
 *fill*         0x000000000000c04b        0x1 
 .rodata.MbxTaskStart.str1.4
                0x000000000000c04c        0x4 out/mbx_task.o
 .rodata.prvMbxProcTask.str1.4
                0x000000000000c050       0x91 out/mbx_task.o
 *fill*         0x000000000000c0e1        0x3 
 .rodata.main.str1.4
                0x000000000000c0e4       0x90 out/main.o
 .rodata.vApplicationIdleHook.str1.4
                0x000000000000c174       0x1d out/main.o
 *fill*         0x000000000000c191        0x3 
 .rodata.exp.str1.4
                0x000000000000c194        0x4 /home/gu/code/freeRTOS10/vendor/mstar/CM4/tools/gcc-arm-none-eabi-8-2018-q4-major/bin/../lib/gcc/arm-none-eabi/8.2.1/../../../../arm-none-eabi/lib/thumb/v7e-m/nofp/libm.a(lib_a-w_exp.o)
 .rodata.logf.str1.4
                0x000000000000c198        0x5 /home/gu/code/freeRTOS10/vendor/mstar/CM4/tools/gcc-arm-none-eabi-8-2018-q4-major/bin/../lib/gcc/arm-none-eabi/8.2.1/../../../../arm-none-eabi/lib/thumb/v7e-m/nofp/libm.a(lib_a-wf_log.o)
                                          0x9 (size before relaxing)
 *fill*         0x000000000000c19d        0x3 
 .rodata.powf.str1.4
                0x000000000000c1a0        0x8 /home/gu/code/freeRTOS10/vendor/mstar/CM4/tools/gcc-arm-none-eabi-8-2018-q4-major/bin/../lib/gcc/arm-none-eabi/8.2.1/../../../../arm-none-eabi/lib/thumb/v7e-m/nofp/libm.a(lib_a-wf_pow.o)
                                          0x5 (size before relaxing)
 .rodata.halF   0x000000000000c1a8       0x10 /home/gu/code/freeRTOS10/vendor/mstar/CM4/tools/gcc-arm-none-eabi-8-2018-q4-major/bin/../lib/gcc/arm-none-eabi/8.2.1/../../../../arm-none-eabi/lib/thumb/v7e-m/nofp/libm.a(lib_a-e_exp.o)
 .rodata.ln2HI  0x000000000000c1b8       0x10 /home/gu/code/freeRTOS10/vendor/mstar/CM4/tools/gcc-arm-none-eabi-8-2018-q4-major/bin/../lib/gcc/arm-none-eabi/8.2.1/../../../../arm-none-eabi/lib/thumb/v7e-m/nofp/libm.a(lib_a-e_exp.o)
 .rodata.ln2LO  0x000000000000c1c8       0x10 /home/gu/code/freeRTOS10/vendor/mstar/CM4/tools/gcc-arm-none-eabi-8-2018-q4-major/bin/../lib/gcc/arm-none-eabi/8.2.1/../../../../arm-none-eabi/lib/thumb/v7e-m/nofp/libm.a(lib_a-e_exp.o)
 .rodata.__ieee754_powf.str1.4
                0x000000000000c1d8        0x1 /home/gu/code/freeRTOS10/vendor/mstar/CM4/tools/gcc-arm-none-eabi-8-2018-q4-major/bin/../lib/gcc/arm-none-eabi/8.2.1/../../../../arm-none-eabi/lib/thumb/v7e-m/nofp/libm.a(lib_a-ef_pow.o)
 .rodata.npio2_hw
                0x000000000000c1d8       0x80 /home/gu/code/freeRTOS10/vendor/mstar/CM4/tools/gcc-arm-none-eabi-8-2018-q4-major/bin/../lib/gcc/arm-none-eabi/8.2.1/../../../../arm-none-eabi/lib/thumb/v7e-m/nofp/libm.a(lib_a-ef_rem_pio2.o)
 .rodata.two_over_pi
                0x000000000000c258      0x318 /home/gu/code/freeRTOS10/vendor/mstar/CM4/tools/gcc-arm-none-eabi-8-2018-q4-major/bin/../lib/gcc/arm-none-eabi/8.2.1/../../../../arm-none-eabi/lib/thumb/v7e-m/nofp/libm.a(lib_a-ef_rem_pio2.o)
 .rodata.PIo2   0x000000000000c570       0x2c /home/gu/code/freeRTOS10/vendor/mstar/CM4/tools/gcc-arm-none-eabi-8-2018-q4-major/bin/../lib/gcc/arm-none-eabi/8.2.1/../../../../arm-none-eabi/lib/thumb/v7e-m/nofp/libm.a(lib_a-kf_rem_pio2.o)
 .rodata.init_jk
                0x000000000000c59c        0xc /home/gu/code/freeRTOS10/vendor/mstar/CM4/tools/gcc-arm-none-eabi-8-2018-q4-major/bin/../lib/gcc/arm-none-eabi/8.2.1/../../../../arm-none-eabi/lib/thumb/v7e-m/nofp/libm.a(lib_a-kf_rem_pio2.o)
 .rodata.TWO23  0x000000000000c5a8        0x8 /home/gu/code/freeRTOS10/vendor/mstar/CM4/tools/gcc-arm-none-eabi-8-2018-q4-major/bin/../lib/gcc/arm-none-eabi/8.2.1/../../../../arm-none-eabi/lib/thumb/v7e-m/nofp/libm.a(lib_a-sf_rint.o)
 .rodata._global_impure_ptr
                0x000000000000c5b0        0x4 /home/gu/code/freeRTOS10/vendor/mstar/CM4/tools/gcc-arm-none-eabi-8-2018-q4-major/bin/../lib/gcc/arm-none-eabi/8.2.1/../../../../arm-none-eabi/lib/thumb/v7e-m/nofp/libg_nano.a(lib_a-impure.o)
                0x000000000000c5b0                _global_impure_ptr
 .rodata.__sf_fake_stderr
                0x000000000000c5b4       0x20 /home/gu/code/freeRTOS10/vendor/mstar/CM4/tools/gcc-arm-none-eabi-8-2018-q4-major/bin/../lib/gcc/arm-none-eabi/8.2.1/../../../../arm-none-eabi/lib/thumb/v7e-m/nofp/libg_nano.a(lib_a-findfp.o)
                0x000000000000c5b4                __sf_fake_stderr
 .rodata.__sf_fake_stdin
                0x000000000000c5d4       0x20 /home/gu/code/freeRTOS10/vendor/mstar/CM4/tools/gcc-arm-none-eabi-8-2018-q4-major/bin/../lib/gcc/arm-none-eabi/8.2.1/../../../../arm-none-eabi/lib/thumb/v7e-m/nofp/libg_nano.a(lib_a-findfp.o)
                0x000000000000c5d4                __sf_fake_stdin
 .rodata.__sf_fake_stdout
                0x000000000000c5f4       0x20 /home/gu/code/freeRTOS10/vendor/mstar/CM4/tools/gcc-arm-none-eabi-8-2018-q4-major/bin/../lib/gcc/arm-none-eabi/8.2.1/../../../../arm-none-eabi/lib/thumb/v7e-m/nofp/libg_nano.a(lib_a-findfp.o)
                0x000000000000c5f4                __sf_fake_stdout

.glue           0x000000000000c614        0x0
 *(.eh_frame*)
 *(.glue_7)
 .glue_7        0x000000000000c614        0x0 linker stubs
 *(.glue_7t)
 .glue_7t       0x000000000000c614        0x0 linker stubs

.ARM.extab
 *(.ARM.extab* .gnu.linkonce.armextab.*)
                0x000000000000c614                __exidx_start = .

.ARM.exidx
 *(.ARM.exidx* .gnu.linkonce.armexidx.*)
                0x000000000000c614                __exidx_end = .
                0x000000000000c614                . = ALIGN (0x4)
                0x000000000000c614                _etext = .
                0x000000000000c614                __etext = .
                0x000000000000c614                _sidata = _etext

.data           0x000000000000c614      0x46c
                0x000000000000c614                . = ALIGN (0x4)
                0x000000000000c614                _sdata = .
                0x000000000000c614                __data_start__ = .
 *(.data_begin .data_begin.*)
 *(EXCLUDE_FILE(*libVQ.a:*.o *libVP.a:*.o *libarm_cortexM4lf_math.a:*.o) .data*)
 .data.uxCriticalNesting
                0x000000000000c614        0x4 out/port.o
 .data.xRegisteredCommands
                0x000000000000c618        0x8 out/FreeRTOS_CLI.o
 .data._eAudRate
                0x000000000000c620        0x1 out/drvAudio.o
 *fill*         0x000000000000c621        0x3 
 .data._mgrMBX  0x000000000000c624       0x2c out/drvMBX.o
 .data.res_coeff
                0x000000000000c650      0x3b4 out/apiSRC.o
 .data._s16Coef
                0x000000000000ca04        0x2 out/apiVP.o
 .data._u16Stage
                0x000000000000ca06        0x2 out/apiVP.o
 .data._u8MicMap
                0x000000000000ca08        0x8 out/apiVP.o
 .data._u8VPScale
                0x000000000000ca10        0x1 out/apiVP.o
 *fill*         0x000000000000ca11        0x3 
 .data.gu32MosDbgLevel
                0x000000000000ca14        0x4 out/mosWrapper.o
                0x000000000000ca14                gu32MosDbgLevel
 .data.__fdlib_version
                0x000000000000ca18        0x1 /home/gu/code/freeRTOS10/vendor/mstar/CM4/tools/gcc-arm-none-eabi-8-2018-q4-major/bin/../lib/gcc/arm-none-eabi/8.2.1/../../../../arm-none-eabi/lib/thumb/v7e-m/nofp/libm.a(lib_a-s_lib_ver.o)
                0x000000000000ca18                __fdlib_version
 *fill*         0x000000000000ca19        0x3 
 .data._impure_ptr
                0x000000000000ca1c        0x4 /home/gu/code/freeRTOS10/vendor/mstar/CM4/tools/gcc-arm-none-eabi-8-2018-q4-major/bin/../lib/gcc/arm-none-eabi/8.2.1/../../../../arm-none-eabi/lib/thumb/v7e-m/nofp/libg_nano.a(lib_a-impure.o)
                0x000000000000ca1c                _impure_ptr
 .data.impure_data
                0x000000000000ca20       0x60 /home/gu/code/freeRTOS10/vendor/mstar/CM4/tools/gcc-arm-none-eabi-8-2018-q4-major/bin/../lib/gcc/arm-none-eabi/8.2.1/../../../../arm-none-eabi/lib/thumb/v7e-m/nofp/libg_nano.a(lib_a-impure.o)
 *(.data_end .data_end.*)
                0x000000000000ca80                . = ALIGN (0x4)
                0x000000000000ca80                _edata = .
                0x000000000000ca80                __data_end__ = .

.igot.plt       0x000000000000ca80        0x0
 .igot.plt      0x000000000000ca80        0x0 out/libVQ.a(add.o)

.bss            0x000000000000ca80    0x24e64
                0x000000000000ca80                . = ALIGN (0x4)
                0x000000000000ca80                __bss_start__ = .
                0x000000000000ca80                _sbss = .
 *(.bss_begin .bss_begin.*)
 *(EXCLUDE_FILE(*libVQ.a:*.o *libVP.a:*.o *libarm_cortexM4lf_math.a:*.o) .bss*)
 .bss.pxCurrentTCB
                0x000000000000ca80        0x4 out/tasks.o
                0x000000000000ca80                pxCurrentTCB
 .bss.pxDelayedTaskList
                0x000000000000ca84        0x4 out/tasks.o
 .bss.pxOverflowDelayedTaskList
                0x000000000000ca88        0x4 out/tasks.o
 .bss.pxReadyTasksLists
                0x000000000000ca8c       0x64 out/tasks.o
 .bss.uxCurrentNumberOfTasks
                0x000000000000caf0        0x4 out/tasks.o
 .bss.uxDeletedTasksWaitingCleanUp
                0x000000000000caf4        0x4 out/tasks.o
 .bss.uxPendedTicks
                0x000000000000caf8        0x4 out/tasks.o
 .bss.uxSchedulerSuspended
                0x000000000000cafc        0x4 out/tasks.o
 .bss.uxTaskNumber
                0x000000000000cb00        0x4 out/tasks.o
 .bss.uxTopReadyPriority
                0x000000000000cb04        0x4 out/tasks.o
 .bss.xDelayedTaskList1
                0x000000000000cb08       0x14 out/tasks.o
 .bss.xDelayedTaskList2
                0x000000000000cb1c       0x14 out/tasks.o
 .bss.xNextTaskUnblockTime
                0x000000000000cb30        0x4 out/tasks.o
 .bss.xNumOfOverflows
                0x000000000000cb34        0x4 out/tasks.o
 .bss.xPendingReadyList
                0x000000000000cb38       0x14 out/tasks.o
 .bss.xSchedulerRunning
                0x000000000000cb4c        0x4 out/tasks.o
 .bss.xSuspendedTaskList
                0x000000000000cb50       0x14 out/tasks.o
 .bss.xTasksWaitingTermination
                0x000000000000cb64       0x14 out/tasks.o
 .bss.xTickCount
                0x000000000000cb78        0x4 out/tasks.o
 .bss.xYieldPending
                0x000000000000cb7c        0x4 out/tasks.o
 .bss.pxCurrentTimerList
                0x000000000000cb80        0x4 out/timers.o
 .bss.pxOverflowTimerList
                0x000000000000cb84        0x4 out/timers.o
 .bss.ucStaticTimerQueueStorage.6903